54.36.148.30 - - [19/May/2026:17:58:00 +0200] "GET /contact/ HTTP/1.1" 200 49685 "-" "Mozilla/5.0 AppleWebKit/537.36 (KHTML, like Gecko; compatible; ClaudeBot/1.0; +claudebot@anthropic.com)"
176.150.20.30 - - [19/May/2026:18:09:03 +0200] "GET /feed/ HTTP/1.1" 200 10504 "-" "Mozilla/5.0 (Macintosh; Intel Mac OS X 14_5) AppleWebKit/605.1.15 (KHTML, like Gecko) Version/17.5 Safari/605.1.15"
78.231.5.40 - - [19/May/2026:20:27:28 +0200] "GET /newsletter/ HTTP/1.1" 200 22562 "https://www.google.com/" "Mozilla/5.0 (iPhone; CPU iPhone OS 17_5 like Mac OS X) AppleWebKit/605.1.15 (KHTML, like Gecko) Version/17.5 Mobile/15E148 Safari/604.1"
17.241.75.10 - - [19/May/2026:22:17:01 +0200] "GET /newsletter/ HTTP/1.1" 200 49360 "-" "Mozilla/5.0 (Macintosh; Intel Mac OS X 13_4) AppleWebKit/605.1.15 (KHTML, like Gecko) Version/16.5 Safari/605.1.15 (Applebot-Extended/0.1; +http://www.apple.com/go/applebot)"
92.184.105.110 - - [19/May/2026:22:46:27 +0200] "GET /cas-clients/aeconomia/ HTTP/1.1" 200 58108 "https://www.perplexity.ai/" "Mozilla/5.0 (Windows NT 10.0; Win64; x64) AppleWebKit/537.36 (KHTML, like Gecko) Chrome/124.0.0.0 Safari/537.36"
82.66.10.55 - - [20/May/2026:00:41:16 +0200] "GET /newsletter/ HTTP/1.1" 200 55633 "https://chatgpt.com/" "Mozilla/5.0 (Macintosh; Intel Mac OS X 14_5) AppleWebKit/605.1.15 (KHTML, like Gecko) Version/17.5 Safari/605.1.15"
66.220.149.20 - - [20/May/2026:01:27:17 +0200] "GET /cas-clients/ HTTP/1.1" 200 42752 "-" "Mozilla/5.0 (compatible; Meta-ExternalAgent/1.1; +https://developers.facebook.com/docs/sharing/webmasters/crawler)"
75.2.60.10 - - [20/May/2026:02:44:11 +0200] "GET /blog/llms-txt-explique/ HTTP/1.1" 200 20140 "-" "Mozilla/5.0 AppleWebKit/537.36 (KHTML, like Gecko; compatible; PerplexityBot/1.0; +https://perplexity.ai/perplexitybot)"
20.171.207.50 - - [20/May/2026:03:43:22 +0200] "GET /blog/llms-txt-explique/ HTTP/1.1" 200 3541 "-" "Mozilla/5.0 AppleWebKit/537.36 (KHTML, like Gecko; compatible; GPTBot/1.2; +https://openai.com/gptbot)"
18.144.20.10 - - [20/May/2026:03:48:01 +0200] "GET /blog/llms-txt-explique/ HTTP/1.1" 200 21131 "-" "Mozilla/5.0 (compatible; DeepSeekBot/1.0; +https://deepseek.com/bot)"
92.184.105.110 - - [20/May/2026:04:03:49 +0200] "GET /cas-clients/aeconomia/ HTTP/1.1" 200 52764 "https://www.perplexity.ai/" "Mozilla/5.0 (iPhone; CPU iPhone OS 17_5 like Mac OS X) AppleWebKit/605.1.15 (KHTML, like Gecko) Version/17.5 Mobile/15E148 Safari/604.1"
82.66.10.55 - - [20/May/2026:06:50:50 +0200] "GET /blog/ratio-crawl-visite-anthropic/ HTTP/1.1" 200 45170 "https://chatgpt.com/" "Mozilla/5.0 (Windows NT 10.0; Win64; x64) AppleWebKit/537.36 (KHTML, like Gecko) Chrome/124.0.0.0 Safari/537.36"
20.171.207.110 - - [20/May/2026:06:52:32 +0200] "GET / HTTP/1.1" 200 28889 "-" "Mozilla/5.0 AppleWebKit/537.36 (KHTML, like Gecko; compatible; OAI-SearchBot/1.0; +https://openai.com/searchbot)"
82.66.10.55 - - [20/May/2026:07:29:28 +0200] "GET /feed/ HTTP/1.1" 200 34102 "https://chatgpt.com/" "Mozilla/5.0 (iPhone; CPU iPhone OS 17_5 like Mac OS X) AppleWebKit/605.1.15 (KHTML, like Gecko) Version/17.5 Mobile/15E148 Safari/604.1"
54.36.149.65 - - [20/May/2026:07:56:04 +0200] "GET /cas-clients/ HTTP/1.1" 301 224 "-" "Mozilla/5.0 AppleWebKit/537.36 (KHTML, like Gecko; compatible; ClaudeBot/1.0; +claudebot@anthropic.com)"
20.171.207.10 - - [20/May/2026:10:51:06 +0200] "GET /blog/ HTTP/1.1" 200 35942 "-" "Mozilla/5.0 AppleWebKit/537.36 (KHTML, like Gecko; compatible; GPTBot/1.2; +https://openai.com/gptbot)"
176.150.20.30 - - [20/May/2026:11:50:15 +0200] "GET /a-propos/ HTTP/1.1" 200 50116 "https://chatgpt.com/" "Mozilla/5.0 (iPhone; CPU iPhone OS 17_5 like Mac OS X) AppleWebKit/605.1.15 (KHTML, like Gecko) Version/17.5 Mobile/15E148 Safari/604.1"
17.241.75.10 - - [20/May/2026:11:58:38 +0200] "GET /robots.txt HTTP/1.1" 200 50275 "-" "Mozilla/5.0 (Macintosh; Intel Mac OS X 13_4) AppleWebKit/605.1.15 (KHTML, like Gecko) Version/16.5 Safari/605.1.15 (Applebot-Extended/0.1; +http://www.apple.com/go/applebot)"
17.241.75.10 - - [20/May/2026:12:37:19 +0200] "GET /services/audit-seo/ HTTP/1.1" 200 18709 "-" "Mozilla/5.0 (Macintosh; Intel Mac OS X 13_4) AppleWebKit/605.1.15 (KHTML, like Gecko) Version/16.5 Safari/605.1.15 (Applebot-Extended/0.1; +http://www.apple.com/go/applebot)"
92.184.105.110 - - [20/May/2026:12:59:08 +0200] "GET /services/audit-seo/ HTTP/1.1" 200 38574 "https://chatgpt.com/" "Mozilla/5.0 (Windows NT 10.0; Win64; x64) AppleWebKit/537.36 (KHTML, like Gecko) Chrome/124.0.0.0 Safari/537.36"
199.79.16.10 - - [20/May/2026:13:09:35 +0200] "GET /sitemap.xml HTTP/1.1" 200 16474 "-" "Mozilla/5.0 (compatible; YouBot (+http://www.you.com))"
20.171.207.120 - - [20/May/2026:13:51:03 +0200] "GET /wp-admin/admin-ajax.php HTTP/1.1" 200 60231 "-" "Mozilla/5.0 AppleWebKit/537.36 (KHTML, like Gecko; compatible; OAI-SearchBot/1.0; +https://openai.com/searchbot)"
207.46.13.50 - - [20/May/2026:14:35:23 +0200] "GET /robots.txt HTTP/1.1" 200 52670 "-" "Mozilla/5.0 (compatible; bingbot/2.0; +http://www.bing.com/bingbot.htm)"
111.225.149.10 - - [20/May/2026:14:38:33 +0200] "GET /wp-admin/admin-ajax.php HTTP/1.1" 200 38832 "-" "Mozilla/5.0 (Linux; Android 5.0) AppleWebKit/537.36 (KHTML, like Gecko) Mobile Safari/537.36 (compatible; Bytespider; spider-feedback@bytedance.com)"
20.171.207.110 - - [20/May/2026:14:48:46 +0200] "GET /services/conseil-ia/ HTTP/1.1" 200 55439 "-" "Mozilla/5.0 AppleWebKit/537.36 (KHTML, like Gecko; compatible; OAI-SearchBot/1.0; +https://openai.com/searchbot)"
86.243.10.5 - - [20/May/2026:15:41:03 +0200] "GET /feed/ HTTP/1.1" 200 20983 "https://chatgpt.com/" "Mozilla/5.0 (Macintosh; Intel Mac OS X 14_5) AppleWebKit/605.1.15 (KHTML, like Gecko) Version/17.5 Safari/605.1.15"
20.171.207.10 - - [20/May/2026:15:49:20 +0200] "GET /contact/ HTTP/1.1" 200 46974 "-" "Mozilla/5.0 AppleWebKit/537.36 (KHTML, like Gecko; compatible; GPTBot/1.2; +https://openai.com/gptbot)"
54.36.149.65 - - [20/May/2026:16:39:54 +0200] "GET /cas-clients/aeconomia/ HTTP/1.1" 404 50 "-" "Mozilla/5.0 AppleWebKit/537.36 (KHTML, like Gecko; compatible; ClaudeBot/1.0; +claudebot@anthropic.com)"
20.171.207.120 - - [20/May/2026:17:22:48 +0200] "GET /blog/optimiser-pour-chatgpt/ HTTP/1.1" 200 20481 "-" "Mozilla/5.0 AppleWebKit/537.36 (KHTML, like Gecko; compatible; OAI-SearchBot/1.0; +https://openai.com/searchbot)"
82.66.10.55 - - [20/May/2026:18:00:26 +0200] "GET /blog/geo-c-est-quoi/ HTTP/1.1" 200 34936 "https://www.google.com/" "Mozilla/5.0 (iPhone; CPU iPhone OS 17_5 like Mac OS X) AppleWebKit/605.1.15 (KHTML, like Gecko) Version/17.5 Mobile/15E148 Safari/604.1"
54.36.149.65 - - [20/May/2026:18:08:13 +0200] "GET /blog/ HTTP/1.1" 200 36793 "-" "Mozilla/5.0 AppleWebKit/537.36 (KHTML, like Gecko; compatible; ClaudeBot/1.0; +claudebot@anthropic.com)"
54.36.149.65 - - [20/May/2026:18:10:22 +0200] "GET /services/audit-seo/ HTTP/1.1" 200 11092 "-" "Mozilla/5.0 AppleWebKit/537.36 (KHTML, like Gecko; compatible; ClaudeBot/1.0; +claudebot@anthropic.com)"
20.171.207.120 - - [20/May/2026:18:35:14 +0200] "GET /services/audit-seo/ HTTP/1.1" 200 47562 "-" "Mozilla/5.0 AppleWebKit/537.36 (KHTML, like Gecko; compatible; OAI-SearchBot/1.0; +https://openai.com/searchbot)"
75.2.60.5 - - [20/May/2026:19:05:28 +0200] "GET /blog/ HTTP/1.1" 200 29689 "-" "Mozilla/5.0 AppleWebKit/537.36 (KHTML, like Gecko; compatible; PerplexityBot/1.0; +https://perplexity.ai/perplexitybot)"
54.36.149.65 - - [20/May/2026:21:33:23 +0200] "GET /sitemap.xml HTTP/1.1" 200 29340 "-" "Mozilla/5.0 AppleWebKit/537.36 (KHTML, like Gecko; compatible; ClaudeBot/1.0; +claudebot@anthropic.com)"
75.2.60.5 - - [20/May/2026:21:54:12 +0200] "GET /cas-clients/aeconomia/ HTTP/1.1" 200 50317 "-" "Mozilla/5.0 AppleWebKit/537.36 (KHTML, like Gecko; compatible; PerplexityBot/1.0; +https://perplexity.ai/perplexitybot)"
54.36.148.30 - - [20/May/2026:22:19:26 +0200] "GET /wp-content/uploads/2026/05/hero.jpg HTTP/1.1" 200 1603 "-" "Mozilla/5.0 AppleWebKit/537.36 (KHTML, like Gecko; compatible; ClaudeBot/1.0; +claudebot@anthropic.com)"
20.171.207.10 - - [20/May/2026:22:50:50 +0200] "GET / HTTP/1.1" 200 16849 "-" "Mozilla/5.0 AppleWebKit/537.36 (KHTML, like Gecko; compatible; GPTBot/1.2; +https://openai.com/gptbot)"
52.21.5.10 - - [20/May/2026:23:26:09 +0200] "GET /contact/ HTTP/1.1" 200 7523 "-" "CCBot/2.0 (https://commoncrawl.org/faq/)"
20.171.207.10 - - [21/May/2026:02:21:31 +0200] "GET /sitemap.xml HTTP/1.1" 200 30388 "-" "Mozilla/5.0 AppleWebKit/537.36 (KHTML, like Gecko; compatible; GPTBot/1.2; +https://openai.com/gptbot)"
52.230.152.10 - - [21/May/2026:02:21:39 +0200] "GET /feed/ HTTP/1.1" 200 30239 "-" "Mozilla/5.0 AppleWebKit/537.36 (KHTML, like Gecko; compatible; GPTBot/1.2; +https://openai.com/gptbot)"
92.184.105.110 - - [21/May/2026:03:38:14 +0200] "GET /blog/optimiser-pour-chatgpt/ HTTP/1.1" 200 32500 "https://chatgpt.com/" "Mozilla/5.0 (Windows NT 10.0; Win64; x64) AppleWebKit/537.36 (KHTML, like Gecko) Chrome/124.0.0.0 Safari/537.36"
20.171.207.50 - - [21/May/2026:04:13:37 +0200] "GET /newsletter/ HTTP/1.1" 200 42929 "-" "Mozilla/5.0 AppleWebKit/537.36 (KHTML, like Gecko; compatible; GPTBot/1.2; +https://openai.com/gptbot)"
20.171.207.50 - - [21/May/2026:04:52:37 +0200] "GET /cas-clients/ HTTP/1.1" 200 62056 "-" "Mozilla/5.0 AppleWebKit/537.36 (KHTML, like Gecko; compatible; GPTBot/1.2; +https://openai.com/gptbot)"
54.36.149.65 - - [21/May/2026:06:16:15 +0200] "GET /blog/geo-c-est-quoi/ HTTP/1.1" 200 23162 "-" "Mozilla/5.0 AppleWebKit/537.36 (KHTML, like Gecko; compatible; ClaudeBot/1.0; +claudebot@anthropic.com)"
15.188.10.20 - - [21/May/2026:06:24:28 +0200] "GET /cas-clients/aeconomia/ HTTP/1.1" 200 25488 "-" "Mozilla/5.0 (compatible; MistralAI-User/1.0; +https://docs.mistral.ai)"
20.171.207.110 - - [21/May/2026:08:04:32 +0200] "GET /a-propos/ HTTP/1.1" 200 20176 "-" "Mozilla/5.0 AppleWebKit/537.36 (KHTML, like Gecko; compatible; OAI-SearchBot/1.0; +https://openai.com/searchbot)"
20.171.207.120 - - [21/May/2026:08:18:21 +0200] "GET /feed/ HTTP/1.1" 200 63061 "-" "Mozilla/5.0 AppleWebKit/537.36 (KHTML, like Gecko; compatible; OAI-SearchBot/1.0; +https://openai.com/searchbot)"
54.36.148.55 - - [21/May/2026:08:30:40 +0200] "GET /a-propos/ HTTP/1.1" 200 56568 "-" "Mozilla/5.0 AppleWebKit/537.36 (KHTML, like Gecko; compatible; ClaudeBot/1.0; +claudebot@anthropic.com)"
66.249.65.10 - - [21/May/2026:09:07:27 +0200] "GET /robots.txt HTTP/1.1" 200 44403 "-" "Mozilla/5.0 (compatible; GoogleOther)"
44.225.94.121 - - [21/May/2026:09:16:59 +0200] "GET /feed/ HTTP/1.1" 200 49445 "-" "Mozilla/5.0 AppleWebKit/537.36 (KHTML, like Gecko; compatible; Perplexity-User/1.0; +https://perplexity.ai/perplexity-user)"
20.171.207.10 - - [21/May/2026:09:41:15 +0200] "GET /services/conseil-ia/ HTTP/1.1" 200 61684 "-" "Mozilla/5.0 AppleWebKit/537.36 (KHTML, like Gecko; compatible; GPTBot/1.2; +https://openai.com/gptbot)"
20.171.207.50 - - [21/May/2026:10:15:01 +0200] "GET /blog/optimiser-pour-chatgpt/ HTTP/1.1" 200 48524 "-" "Mozilla/5.0 AppleWebKit/537.36 (KHTML, like Gecko; compatible; GPTBot/1.2; +https://openai.com/gptbot)"
17.241.75.10 - - [21/May/2026:10:27:11 +0200] "GET /services/audit-seo/ HTTP/1.1" 200 28588 "-" "Mozilla/5.0 (Macintosh; Intel Mac OS X 13_4) AppleWebKit/605.1.15 (KHTML, like Gecko) Version/16.5 Safari/605.1.15 (Applebot-Extended/0.1; +http://www.apple.com/go/applebot)"
75.2.60.10 - - [21/May/2026:11:40:37 +0200] "GET /blog/ratio-crawl-visite-anthropic/ HTTP/1.1" 200 62746 "-" "Mozilla/5.0 AppleWebKit/537.36 (KHTML, like Gecko; compatible; PerplexityBot/1.0; +https://perplexity.ai/perplexitybot)"
52.21.5.10 - - [21/May/2026:11:54:39 +0200] "GET /cas-clients/ HTTP/1.1" 404 236 "-" "CCBot/2.0 (https://commoncrawl.org/faq/)"
111.225.149.20 - - [21/May/2026:12:06:34 +0200] "GET /blog/ HTTP/1.1" 200 43221 "-" "Mozilla/5.0 (Linux; Android 5.0) AppleWebKit/537.36 (KHTML, like Gecko) Mobile Safari/537.36 (compatible; Bytespider; spider-feedback@bytedance.com)"
20.171.207.10 - - [21/May/2026:12:19:04 +0200] "GET /feed/ HTTP/1.1" 200 2608 "-" "Mozilla/5.0 AppleWebKit/537.36 (KHTML, like Gecko; compatible; GPTBot/1.2; +https://openai.com/gptbot)"
66.220.149.20 - - [21/May/2026:12:51:38 +0200] "GET /cas-clients/ HTTP/1.1" 200 41728 "-" "Mozilla/5.0 (compatible; Meta-ExternalAgent/1.1; +https://developers.facebook.com/docs/sharing/webmasters/crawler)"
20.171.207.10 - - [21/May/2026:15:13:20 +0200] "GET /services/ HTTP/1.1" 200 56037 "-" "Mozilla/5.0 AppleWebKit/537.36 (KHTML, like Gecko; compatible; GPTBot/1.2; +https://openai.com/gptbot)"
54.36.148.55 - - [21/May/2026:15:37:42 +0200] "GET /wp-content/uploads/2026/05/hero.jpg HTTP/1.1" 200 15970 "-" "Mozilla/5.0 AppleWebKit/537.36 (KHTML, like Gecko; compatible; ClaudeBot/1.0; +claudebot@anthropic.com)"
78.231.5.40 - - [21/May/2026:16:00:28 +0200] "GET /cas-clients/aeconomia/ HTTP/1.1" 200 62327 "https://www.perplexity.ai/" "Mozilla/5.0 (iPhone; CPU iPhone OS 17_5 like Mac OS X) AppleWebKit/605.1.15 (KHTML, like Gecko) Version/17.5 Mobile/15E148 Safari/604.1"
54.36.148.55 - - [21/May/2026:16:26:25 +0200] "GET /services/conseil-ia/ HTTP/1.1" 200 24984 "-" "Mozilla/5.0 AppleWebKit/537.36 (KHTML, like Gecko; compatible; ClaudeBot/1.0; +claudebot@anthropic.com)"
207.46.13.60 - - [21/May/2026:16:32:05 +0200] "GET /contact/ HTTP/1.1" 301 265 "-" "Mozilla/5.0 (compatible; bingbot/2.0; +http://www.bing.com/bingbot.htm)"
78.231.5.40 - - [21/May/2026:17:10:38 +0200] "GET /blog/optimiser-pour-chatgpt/ HTTP/1.1" 200 10895 "-" "Mozilla/5.0 (Windows NT 10.0; Win64; x64) AppleWebKit/537.36 (KHTML, like Gecko) Chrome/124.0.0.0 Safari/537.36"
54.36.149.65 - - [21/May/2026:21:01:05 +0200] "GET /robots.txt HTTP/1.1" 200 31747 "-" "Mozilla/5.0 AppleWebKit/537.36 (KHTML, like Gecko; compatible; ClaudeBot/1.0; +claudebot@anthropic.com)"
54.36.148.55 - - [21/May/2026:21:32:13 +0200] "GET /sitemap.xml HTTP/1.1" 200 16097 "-" "Mozilla/5.0 AppleWebKit/537.36 (KHTML, like Gecko; compatible; ClaudeBot/1.0; +claudebot@anthropic.com)"
82.66.10.55 - - [21/May/2026:22:24:19 +0200] "GET /services/conseil-ia/ HTTP/1.1" 200 60414 "https://chatgpt.com/" "Mozilla/5.0 (iPhone; CPU iPhone OS 17_5 like Mac OS X) AppleWebKit/605.1.15 (KHTML, like Gecko) Version/17.5 Mobile/15E148 Safari/604.1"
20.171.207.50 - - [22/May/2026:01:07:02 +0200] "GET /blog/oai-searchbot-vs-gptbot/ HTTP/1.1" 200 56696 "-" "Mozilla/5.0 AppleWebKit/537.36 (KHTML, like Gecko; compatible; GPTBot/1.2; +https://openai.com/gptbot)"
86.243.10.5 - - [22/May/2026:01:26:55 +0200] "GET /a-propos/ HTTP/1.1" 200 53823 "https://chatgpt.com/" "Mozilla/5.0 (iPhone; CPU iPhone OS 17_5 like Mac OS X) AppleWebKit/605.1.15 (KHTML, like Gecko) Version/17.5 Mobile/15E148 Safari/604.1"
52.230.152.10 - - [22/May/2026:02:09:44 +0200] "GET /feed/ HTTP/1.1" 200 51170 "-" "Mozilla/5.0 AppleWebKit/537.36 (KHTML, like Gecko; compatible; GPTBot/1.2; +https://openai.com/gptbot)"
54.36.148.10 - - [22/May/2026:03:57:10 +0200] "GET /cas-clients/ HTTP/1.1" 200 44049 "-" "Mozilla/5.0 (compatible; anthropic-ai/0.1)"
66.220.149.20 - - [22/May/2026:04:23:57 +0200] "GET /blog/llms-txt-explique/ HTTP/1.1" 200 10397 "-" "Mozilla/5.0 (compatible; Meta-ExternalAgent/1.1; +https://developers.facebook.com/docs/sharing/webmasters/crawler)"
52.230.152.10 - - [22/May/2026:04:59:11 +0200] "GET /blog/ratio-crawl-visite-anthropic/ HTTP/1.1" 200 18491 "-" "Mozilla/5.0 AppleWebKit/537.36 (KHTML, like Gecko; compatible; GPTBot/1.2; +https://openai.com/gptbot)"
54.36.148.30 - - [22/May/2026:06:33:18 +0200] "GET /services/audit-seo/ HTTP/1.1" 200 61068 "-" "Mozilla/5.0 AppleWebKit/537.36 (KHTML, like Gecko; compatible; ClaudeBot/1.0; +claudebot@anthropic.com)"
52.230.152.10 - - [22/May/2026:07:29:07 +0200] "GET /a-propos/ HTTP/1.1" 200 27782 "-" "Mozilla/5.0 AppleWebKit/537.36 (KHTML, like Gecko; compatible; GPTBot/1.2; +https://openai.com/gptbot)"
20.171.207.10 - - [22/May/2026:09:03:12 +0200] "GET /feed/ HTTP/1.1" 200 37559 "-" "Mozilla/5.0 AppleWebKit/537.36 (KHTML, like Gecko; compatible; GPTBot/1.2; +https://openai.com/gptbot)"
20.171.207.10 - - [22/May/2026:09:27:06 +0200] "GET /blog/llms-txt-explique/ HTTP/1.1" 200 40438 "-" "Mozilla/5.0 AppleWebKit/537.36 (KHTML, like Gecko; compatible; GPTBot/1.2; +https://openai.com/gptbot)"
66.249.66.1 - - [22/May/2026:10:32:35 +0200] "GET /wp-content/uploads/2026/05/hero.jpg HTTP/1.1" 200 24526 "-" "Mozilla/5.0 (compatible; Google-Extended/1.0)"
17.241.75.10 - - [22/May/2026:10:59:47 +0200] "GET /blog/ratio-crawl-visite-anthropic/ HTTP/1.1" 200 35703 "-" "Mozilla/5.0 (Macintosh; Intel Mac OS X 13_4) AppleWebKit/605.1.15 (KHTML, like Gecko) Version/16.5 Safari/605.1.15 (Applebot-Extended/0.1; +http://www.apple.com/go/applebot)"
75.2.60.10 - - [22/May/2026:11:09:12 +0200] "GET /blog/ratio-crawl-visite-anthropic/ HTTP/1.1" 200 52344 "-" "Mozilla/5.0 AppleWebKit/537.36 (KHTML, like Gecko; compatible; PerplexityBot/1.0; +https://perplexity.ai/perplexitybot)"
23.98.142.176 - - [22/May/2026:13:25:19 +0200] "GET /services/ HTTP/1.1" 200 2135 "-" "Mozilla/5.0 AppleWebKit/537.36 (KHTML, like Gecko; compatible; ChatGPT-User/1.0; +https://openai.com/bot)"
92.184.105.110 - - [22/May/2026:13:40:05 +0200] "GET /wp-admin/admin-ajax.php HTTP/1.1" 200 28305 "-" "Mozilla/5.0 (iPhone; CPU iPhone OS 17_5 like Mac OS X) AppleWebKit/605.1.15 (KHTML, like Gecko) Version/17.5 Mobile/15E148 Safari/604.1"
176.150.20.30 - - [22/May/2026:16:39:20 +0200] "GET /newsletter/ HTTP/1.1" 200 5352 "https://www.google.com/" "Mozilla/5.0 (Windows NT 10.0; Win64; x64) AppleWebKit/537.36 (KHTML, like Gecko) Chrome/124.0.0.0 Safari/537.36"
17.241.75.10 - - [22/May/2026:16:45:28 +0200] "GET /services/conseil-ia/ HTTP/1.1" 200 1306 "-" "Mozilla/5.0 (Macintosh; Intel Mac OS X 13_4) AppleWebKit/605.1.15 (KHTML, like Gecko) Version/16.5 Safari/605.1.15 (Applebot-Extended/0.1; +http://www.apple.com/go/applebot)"
176.150.20.30 - - [22/May/2026:16:50:22 +0200] "GET /cas-clients/aeconomia/ HTTP/1.1" 200 9786 "https://www.google.com/" "Mozilla/5.0 (iPhone; CPU iPhone OS 17_5 like Mac OS X) AppleWebKit/605.1.15 (KHTML, like Gecko) Version/17.5 Mobile/15E148 Safari/604.1"
52.230.152.10 - - [22/May/2026:17:19:12 +0200] "GET /blog/llms-txt-explique/ HTTP/1.1" 200 62852 "-" "Mozilla/5.0 AppleWebKit/537.36 (KHTML, like Gecko; compatible; GPTBot/1.2; +https://openai.com/gptbot)"
92.184.105.110 - - [22/May/2026:17:58:27 +0200] "GET /wp-admin/admin-ajax.php HTTP/1.1" 200 61684 "-" "Mozilla/5.0 (Macintosh; Intel Mac OS X 14_5) AppleWebKit/605.1.15 (KHTML, like Gecko) Version/17.5 Safari/605.1.15"
82.66.10.55 - - [22/May/2026:18:26:20 +0200] "GET /blog/llms-txt-explique/ HTTP/1.1" 200 22776 "-" "Mozilla/5.0 (Windows NT 10.0; Win64; x64) AppleWebKit/537.36 (KHTML, like Gecko) Chrome/124.0.0.0 Safari/537.36"
54.36.148.30 - - [22/May/2026:20:16:45 +0200] "GET /sitemap.xml HTTP/1.1" 200 48708 "-" "Mozilla/5.0 AppleWebKit/537.36 (KHTML, like Gecko; compatible; ClaudeBot/1.0; +claudebot@anthropic.com)"
75.2.60.5 - - [22/May/2026:20:38:55 +0200] "GET /services/ HTTP/1.1" 200 23889 "-" "Mozilla/5.0 AppleWebKit/537.36 (KHTML, like Gecko; compatible; PerplexityBot/1.0; +https://perplexity.ai/perplexitybot)"
23.98.142.176 - - [22/May/2026:21:20:16 +0200] "GET /blog/ratio-crawl-visite-anthropic/ HTTP/1.1" 404 55 "-" "Mozilla/5.0 AppleWebKit/537.36 (KHTML, like Gecko; compatible; ChatGPT-User/1.0; +https://openai.com/bot)"
52.21.5.10 - - [22/May/2026:21:26:58 +0200] "GET /wp-admin/admin-ajax.php HTTP/1.1" 200 64125 "-" "CCBot/2.0 (https://commoncrawl.org/faq/)"
54.36.149.65 - - [23/May/2026:00:42:35 +0200] "GET /cas-clients/ HTTP/1.1" 200 61988 "-" "Mozilla/5.0 AppleWebKit/537.36 (KHTML, like Gecko; compatible; ClaudeBot/1.0; +claudebot@anthropic.com)"
20.171.207.120 - - [23/May/2026:02:41:41 +0200] "GET /blog/ratio-crawl-visite-anthropic/ HTTP/1.1" 200 19398 "-" "Mozilla/5.0 AppleWebKit/537.36 (KHTML, like Gecko; compatible; OAI-SearchBot/1.0; +https://openai.com/searchbot)"
75.2.60.5 - - [23/May/2026:03:30:14 +0200] "GET /services/conseil-ia/ HTTP/1.1" 200 29025 "-" "Mozilla/5.0 AppleWebKit/537.36 (KHTML, like Gecko; compatible; PerplexityBot/1.0; +https://perplexity.ai/perplexitybot)"
40.84.180.224 - - [23/May/2026:03:31:55 +0200] "GET /cas-clients/ HTTP/1.1" 200 23554 "-" "Mozilla/5.0 AppleWebKit/537.36 (KHTML, like Gecko; compatible; ChatGPT-User/1.0; +https://openai.com/bot)"
66.249.66.1 - - [23/May/2026:04:18:01 +0200] "GET /blog/optimiser-pour-chatgpt/ HTTP/1.1" 200 2489 "-" "Mozilla/5.0 (compatible; Google-Extended/1.0)"
52.230.152.10 - - [23/May/2026:04:59:55 +0200] "GET /blog/optimiser-pour-chatgpt/ HTTP/1.1" 200 13265 "-" "Mozilla/5.0 AppleWebKit/537.36 (KHTML, like Gecko; compatible; GPTBot/1.2; +https://openai.com/gptbot)"
207.46.13.50 - - [23/May/2026:05:11:07 +0200] "GET /robots.txt HTTP/1.1" 200 40282 "-" "Mozilla/5.0 (compatible; bingbot/2.0; +http://www.bing.com/bingbot.htm)"
66.220.149.20 - - [23/May/2026:05:14:38 +0200] "GET /cas-clients/aeconomia/ HTTP/1.1" 200 45994 "-" "Mozilla/5.0 (compatible; Meta-ExternalAgent/1.1; +https://developers.facebook.com/docs/sharing/webmasters/crawler)"
20.171.207.110 - - [23/May/2026:06:10:50 +0200] "GET /wp-admin/admin-ajax.php HTTP/1.1" 200 37330 "-" "Mozilla/5.0 AppleWebKit/537.36 (KHTML, like Gecko; compatible; OAI-SearchBot/1.0; +https://openai.com/searchbot)"
20.171.207.50 - - [23/May/2026:07:19:07 +0200] "GET /blog/oai-searchbot-vs-gptbot/ HTTP/1.1" 200 43987 "-" "Mozilla/5.0 AppleWebKit/537.36 (KHTML, like Gecko; compatible; GPTBot/1.2; +https://openai.com/gptbot)"
176.150.20.30 - - [23/May/2026:07:45:40 +0200] "GET /sitemap.xml HTTP/1.1" 200 44486 "https://chatgpt.com/" "Mozilla/5.0 (Windows NT 10.0; Win64; x64) AppleWebKit/537.36 (KHTML, like Gecko) Chrome/124.0.0.0 Safari/537.36"
66.249.66.5 - - [23/May/2026:08:45:15 +0200] "GET /feed/ HTTP/1.1" 200 63493 "-" "Mozilla/5.0 (compatible; Google-Extended/1.0)"
18.144.20.10 - - [23/May/2026:09:13:47 +0200] "GET /wp-admin/admin-ajax.php HTTP/1.1" 200 44739 "-" "Mozilla/5.0 (compatible; DeepSeekBot/1.0; +https://deepseek.com/bot)"
54.36.148.55 - - [23/May/2026:09:21:28 +0200] "GET /feed/ HTTP/1.1" 200 6571 "-" "Mozilla/5.0 AppleWebKit/537.36 (KHTML, like Gecko; compatible; ClaudeBot/1.0; +claudebot@anthropic.com)"
20.171.207.10 - - [23/May/2026:10:22:22 +0200] "GET /sitemap.xml HTTP/1.1" 200 54574 "-" "Mozilla/5.0 AppleWebKit/537.36 (KHTML, like Gecko; compatible; GPTBot/1.2; +https://openai.com/gptbot)"
52.21.5.10 - - [23/May/2026:10:28:30 +0200] "GET /cas-clients/aeconomia/ HTTP/1.1" 200 17184 "-" "CCBot/2.0 (https://commoncrawl.org/faq/)"
54.36.149.65 - - [23/May/2026:11:59:50 +0200] "GET /cas-clients/ HTTP/1.1" 200 50362 "-" "Mozilla/5.0 AppleWebKit/537.36 (KHTML, like Gecko; compatible; ClaudeBot/1.0; +claudebot@anthropic.com)"
54.36.148.55 - - [23/May/2026:13:10:31 +0200] "GET / HTTP/1.1" 200 36359 "-" "Mozilla/5.0 AppleWebKit/537.36 (KHTML, like Gecko; compatible; ClaudeBot/1.0; +claudebot@anthropic.com)"
54.36.148.55 - - [23/May/2026:13:44:52 +0200] "GET /blog/geo-c-est-quoi/ HTTP/1.1" 200 52745 "-" "Mozilla/5.0 AppleWebKit/537.36 (KHTML, like Gecko; compatible; ClaudeBot/1.0; +claudebot@anthropic.com)"
82.66.10.55 - - [23/May/2026:13:52:06 +0200] "GET /blog/geo-c-est-quoi/ HTTP/1.1" 200 28269 "-" "Mozilla/5.0 (Macintosh; Intel Mac OS X 14_5) AppleWebKit/605.1.15 (KHTML, like Gecko) Version/17.5 Safari/605.1.15"
52.21.5.10 - - [23/May/2026:15:13:53 +0200] "GET /blog/geo-c-est-quoi/ HTTP/1.1" 301 113 "-" "CCBot/2.0 (https://commoncrawl.org/faq/)"
82.66.10.55 - - [23/May/2026:15:20:49 +0200] "GET /services/conseil-ia/ HTTP/1.1" 200 12790 "https://www.google.com/" "Mozilla/5.0 (Windows NT 10.0; Win64; x64) AppleWebKit/537.36 (KHTML, like Gecko) Chrome/124.0.0.0 Safari/537.36"
54.36.148.30 - - [23/May/2026:15:35:59 +0200] "GET /wp-content/uploads/2026/05/hero.jpg HTTP/1.1" 301 149 "-" "Mozilla/5.0 AppleWebKit/537.36 (KHTML, like Gecko; compatible; ClaudeBot/1.0; +claudebot@anthropic.com)"
52.230.152.10 - - [23/May/2026:16:08:17 +0200] "GET /services/conseil-ia/ HTTP/1.1" 200 53694 "-" "Mozilla/5.0 AppleWebKit/537.36 (KHTML, like Gecko; compatible; GPTBot/1.2; +https://openai.com/gptbot)"
20.171.207.120 - - [23/May/2026:18:11:37 +0200] "GET /services/audit-seo/ HTTP/1.1" 200 34963 "-" "Mozilla/5.0 AppleWebKit/537.36 (KHTML, like Gecko; compatible; OAI-SearchBot/1.0; +https://openai.com/searchbot)"
82.66.10.55 - - [23/May/2026:19:05:23 +0200] "GET / HTTP/1.1" 200 7323 "-" "Mozilla/5.0 (Windows NT 10.0; Win64; x64) AppleWebKit/537.36 (KHTML, like Gecko) Chrome/124.0.0.0 Safari/537.36"
66.249.65.10 - - [23/May/2026:19:58:18 +0200] "GET /cas-clients/aeconomia/ HTTP/1.1" 200 42919 "-" "Mozilla/5.0 (compatible; GoogleOther)"
176.150.20.30 - - [23/May/2026:20:14:00 +0200] "GET /feed/ HTTP/1.1" 200 19986 "https://www.google.com/" "Mozilla/5.0 (Windows NT 10.0; Win64; x64) AppleWebKit/537.36 (KHTML, like Gecko) Chrome/124.0.0.0 Safari/537.36"
78.231.5.40 - - [23/May/2026:20:38:58 +0200] "GET /services/audit-seo/ HTTP/1.1" 200 49677 "https://chatgpt.com/" "Mozilla/5.0 (Windows NT 10.0; Win64; x64) AppleWebKit/537.36 (KHTML, like Gecko) Chrome/124.0.0.0 Safari/537.36"
54.36.148.55 - - [23/May/2026:21:27:25 +0200] "GET /wp-content/uploads/2026/05/hero.jpg HTTP/1.1" 200 63766 "-" "Mozilla/5.0 AppleWebKit/537.36 (KHTML, like Gecko; compatible; ClaudeBot/1.0; +claudebot@anthropic.com)"
92.184.105.110 - - [23/May/2026:22:03:26 +0200] "GET /wp-admin/admin-ajax.php HTTP/1.1" 200 16695 "-" "Mozilla/5.0 (Macintosh; Intel Mac OS X 14_5) AppleWebKit/605.1.15 (KHTML, like Gecko) Version/17.5 Safari/605.1.15"
54.36.149.99 - - [23/May/2026:22:23:11 +0200] "GET /feed/ HTTP/1.1" 200 21552 "-" "Mozilla/5.0 (Macintosh; Intel Mac OS X 14_5) AppleWebKit/537.36 (KHTML, like Gecko; compatible; Claude-Web/1.0; +https://www.anthropic.com)"
20.171.207.120 - - [23/May/2026:23:51:42 +0200] "GET /cas-clients/ HTTP/1.1" 200 1186 "-" "Mozilla/5.0 AppleWebKit/537.36 (KHTML, like Gecko; compatible; OAI-SearchBot/1.0; +https://openai.com/searchbot)"
75.2.60.10 - - [24/May/2026:01:00:25 +0200] "GET /newsletter/ HTTP/1.1" 404 411 "-" "Mozilla/5.0 AppleWebKit/537.36 (KHTML, like Gecko; compatible; PerplexityBot/1.0; +https://perplexity.ai/perplexitybot)"
52.230.152.10 - - [24/May/2026:01:19:49 +0200] "GET /blog/llms-txt-explique/ HTTP/1.1" 200 52709 "-" "Mozilla/5.0 AppleWebKit/537.36 (KHTML, like Gecko; compatible; GPTBot/1.2; +https://openai.com/gptbot)"
52.230.152.10 - - [24/May/2026:01:34:15 +0200] "GET /newsletter/ HTTP/1.1" 200 59145 "-" "Mozilla/5.0 AppleWebKit/537.36 (KHTML, like Gecko; compatible; GPTBot/1.2; +https://openai.com/gptbot)"
52.230.152.10 - - [24/May/2026:02:19:30 +0200] "GET /services/ HTTP/1.1" 200 52401 "-" "Mozilla/5.0 AppleWebKit/537.36 (KHTML, like Gecko; compatible; GPTBot/1.2; +https://openai.com/gptbot)"
111.225.149.20 - - [24/May/2026:02:23:12 +0200] "GET /a-propos/ HTTP/1.1" 200 5275 "-" "Mozilla/5.0 (Linux; Android 5.0) AppleWebKit/537.36 (KHTML, like Gecko) Mobile Safari/537.36 (compatible; Bytespider; spider-feedback@bytedance.com)"
54.36.148.10 - - [24/May/2026:02:43:38 +0200] "GET /sitemap.xml HTTP/1.1" 200 23418 "-" "Mozilla/5.0 (compatible; anthropic-ai/0.1)"
20.171.207.50 - - [24/May/2026:03:08:17 +0200] "GET /newsletter/ HTTP/1.1" 200 42460 "-" "Mozilla/5.0 AppleWebKit/537.36 (KHTML, like Gecko; compatible; GPTBot/1.2; +https://openai.com/gptbot)"
20.171.207.120 - - [24/May/2026:03:15:42 +0200] "GET /blog/ratio-crawl-visite-anthropic/ HTTP/1.1" 200 25644 "-" "Mozilla/5.0 AppleWebKit/537.36 (KHTML, like Gecko; compatible; OAI-SearchBot/1.0; +https://openai.com/searchbot)"
66.249.65.10 - - [24/May/2026:03:40:43 +0200] "GET /blog/ HTTP/1.1" 404 307 "-" "Mozilla/5.0 (compatible; GoogleOther)"
54.36.148.10 - - [24/May/2026:04:11:09 +0200] "GET /services/ HTTP/1.1" 200 16106 "-" "Mozilla/5.0 (compatible; anthropic-ai/0.1)"
54.36.149.99 - - [24/May/2026:04:37:59 +0200] "GET /blog/llms-txt-explique/ HTTP/1.1" 200 52018 "-" "Mozilla/5.0 (Macintosh; Intel Mac OS X 14_5) AppleWebKit/537.36 (KHTML, like Gecko; compatible; Claude-Web/1.0; +https://www.anthropic.com)"
54.36.149.99 - - [24/May/2026:05:07:13 +0200] "GET /blog/ HTTP/1.1" 200 16185 "-" "Mozilla/5.0 (Macintosh; Intel Mac OS X 14_5) AppleWebKit/537.36 (KHTML, like Gecko; compatible; Claude-Web/1.0; +https://www.anthropic.com)"
86.243.10.5 - - [24/May/2026:05:15:59 +0200] "GET /blog/llms-txt-explique/ HTTP/1.1" 200 35992 "https://www.google.com/" "Mozilla/5.0 (iPhone; CPU iPhone OS 17_5 like Mac OS X) AppleWebKit/605.1.15 (KHTML, like Gecko) Version/17.5 Mobile/15E148 Safari/604.1"
52.230.152.10 - - [24/May/2026:05:49:37 +0200] "GET /blog/geo-c-est-quoi/ HTTP/1.1" 200 57249 "-" "Mozilla/5.0 AppleWebKit/537.36 (KHTML, like Gecko; compatible; GPTBot/1.2; +https://openai.com/gptbot)"
86.243.10.5 - - [24/May/2026:06:35:07 +0200] "GET /cas-clients/ HTTP/1.1" 200 41503 "-" "Mozilla/5.0 (Macintosh; Intel Mac OS X 14_5) AppleWebKit/605.1.15 (KHTML, like Gecko) Version/17.5 Safari/605.1.15"
20.171.207.50 - - [24/May/2026:06:41:04 +0200] "GET /services/audit-seo/ HTTP/1.1" 200 63880 "-" "Mozilla/5.0 AppleWebKit/537.36 (KHTML, like Gecko; compatible; GPTBot/1.2; +https://openai.com/gptbot)"
78.231.5.40 - - [24/May/2026:07:22:09 +0200] "GET /blog/geo-c-est-quoi/ HTTP/1.1" 200 63946 "https://www.perplexity.ai/" "Mozilla/5.0 (Windows NT 10.0; Win64; x64) AppleWebKit/537.36 (KHTML, like Gecko) Chrome/124.0.0.0 Safari/537.36"
20.171.207.50 - - [24/May/2026:07:58:12 +0200] "GET /services/ HTTP/1.1" 200 11138 "-" "Mozilla/5.0 AppleWebKit/537.36 (KHTML, like Gecko; compatible; GPTBot/1.2; +https://openai.com/gptbot)"
54.36.148.30 - - [24/May/2026:08:13:40 +0200] "GET /services/ HTTP/1.1" 200 38145 "-" "Mozilla/5.0 AppleWebKit/537.36 (KHTML, like Gecko; compatible; ClaudeBot/1.0; +claudebot@anthropic.com)"
17.241.75.10 - - [24/May/2026:08:48:09 +0200] "GET /blog/llms-txt-explique/ HTTP/1.1" 200 41290 "-" "Mozilla/5.0 (Macintosh; Intel Mac OS X 13_4) AppleWebKit/605.1.15 (KHTML, like Gecko) Version/16.5 Safari/605.1.15 (Applebot-Extended/0.1; +http://www.apple.com/go/applebot)"
52.21.5.10 - - [24/May/2026:09:14:07 +0200] "GET / HTTP/1.1" 200 26782 "-" "CCBot/2.0 (https://commoncrawl.org/faq/)"
44.225.94.121 - - [24/May/2026:09:29:55 +0200] "GET /blog/optimiser-pour-chatgpt/ HTTP/1.1" 200 41147 "-" "Mozilla/5.0 AppleWebKit/537.36 (KHTML, like Gecko; compatible; Perplexity-User/1.0; +https://perplexity.ai/perplexity-user)"
92.184.105.110 - - [24/May/2026:10:47:27 +0200] "GET /sitemap.xml HTTP/1.1" 200 19880 "https://www.google.com/" "Mozilla/5.0 (iPhone; CPU iPhone OS 17_5 like Mac OS X) AppleWebKit/605.1.15 (KHTML, like Gecko) Version/17.5 Mobile/15E148 Safari/604.1"
54.36.149.65 - - [24/May/2026:10:50:45 +0200] "GET /a-propos/ HTTP/1.1" 200 2495 "-" "Mozilla/5.0 AppleWebKit/537.36 (KHTML, like Gecko; compatible; ClaudeBot/1.0; +claudebot@anthropic.com)"
20.171.207.110 - - [24/May/2026:11:56:00 +0200] "GET /blog/optimiser-pour-chatgpt/ HTTP/1.1" 200 15141 "-" "Mozilla/5.0 AppleWebKit/537.36 (KHTML, like Gecko; compatible; OAI-SearchBot/1.0; +https://openai.com/searchbot)"
207.46.13.60 - - [24/May/2026:12:35:52 +0200] "GET /newsletter/ HTTP/1.1" 200 13043 "-" "Mozilla/5.0 (compatible; bingbot/2.0; +http://www.bing.com/bingbot.htm)"
20.171.207.110 - - [24/May/2026:13:27:42 +0200] "GET /wp-content/uploads/2026/05/hero.jpg HTTP/1.1" 200 50068 "-" "Mozilla/5.0 AppleWebKit/537.36 (KHTML, like Gecko; compatible; OAI-SearchBot/1.0; +https://openai.com/searchbot)"
75.2.60.5 - - [24/May/2026:17:33:14 +0200] "GET /services/conseil-ia/ HTTP/1.1" 200 8446 "-" "Mozilla/5.0 AppleWebKit/537.36 (KHTML, like Gecko; compatible; PerplexityBot/1.0; +https://perplexity.ai/perplexitybot)"
75.2.60.10 - - [24/May/2026:17:58:01 +0200] "GET /wp-content/uploads/2026/05/hero.jpg HTTP/1.1" 200 59974 "-" "Mozilla/5.0 AppleWebKit/537.36 (KHTML, like Gecko; compatible; PerplexityBot/1.0; +https://perplexity.ai/perplexitybot)"
92.184.105.110 - - [24/May/2026:18:50:41 +0200] "GET /blog/ratio-crawl-visite-anthropic/ HTTP/1.1" 200 63205 "-" "Mozilla/5.0 (Macintosh; Intel Mac OS X 14_5) AppleWebKit/605.1.15 (KHTML, like Gecko) Version/17.5 Safari/605.1.15"
75.2.60.10 - - [24/May/2026:19:31:32 +0200] "GET /services/ HTTP/1.1" 200 42441 "-" "Mozilla/5.0 AppleWebKit/537.36 (KHTML, like Gecko; compatible; PerplexityBot/1.0; +https://perplexity.ai/perplexitybot)"
20.171.207.120 - - [24/May/2026:20:16:10 +0200] "GET /blog/optimiser-pour-chatgpt/ HTTP/1.1" 200 53321 "-" "Mozilla/5.0 AppleWebKit/537.36 (KHTML, like Gecko; compatible; OAI-SearchBot/1.0; +https://openai.com/searchbot)"
20.171.207.120 - - [24/May/2026:20:57:56 +0200] "GET /cas-clients/aeconomia/ HTTP/1.1" 200 60236 "-" "Mozilla/5.0 AppleWebKit/537.36 (KHTML, like Gecko; compatible; OAI-SearchBot/1.0; +https://openai.com/searchbot)"
17.241.75.10 - - [24/May/2026:21:38:10 +0200] "GET /contact/ HTTP/1.1" 200 57807 "-" "Mozilla/5.0 (Macintosh; Intel Mac OS X 13_4) AppleWebKit/605.1.15 (KHTML, like Gecko) Version/16.5 Safari/605.1.15 (Applebot-Extended/0.1; +http://www.apple.com/go/applebot)"
20.171.207.50 - - [24/May/2026:23:15:32 +0200] "GET /services/ HTTP/1.1" 200 32626 "-" "Mozilla/5.0 AppleWebKit/537.36 (KHTML, like Gecko; compatible; GPTBot/1.2; +https://openai.com/gptbot)"
54.36.149.65 - - [24/May/2026:23:41:52 +0200] "GET /sitemap.xml HTTP/1.1" 200 32566 "-" "Mozilla/5.0 AppleWebKit/537.36 (KHTML, like Gecko; compatible; ClaudeBot/1.0; +claudebot@anthropic.com)"
176.150.20.30 - - [24/May/2026:23:57:38 +0200] "GET /sitemap.xml HTTP/1.1" 200 44029 "https://www.perplexity.ai/" "Mozilla/5.0 (Macintosh; Intel Mac OS X 14_5) AppleWebKit/605.1.15 (KHTML, like Gecko) Version/17.5 Safari/605.1.15"
40.84.180.224 - - [25/May/2026:00:06:20 +0200] "GET /cas-clients/ HTTP/1.1" 200 63594 "-" "Mozilla/5.0 AppleWebKit/537.36 (KHTML, like Gecko; compatible; ChatGPT-User/1.0; +https://openai.com/bot)"
52.230.152.10 - - [25/May/2026:00:06:52 +0200] "GET /blog/oai-searchbot-vs-gptbot/ HTTP/1.1" 200 26948 "-" "Mozilla/5.0 AppleWebKit/537.36 (KHTML, like Gecko; compatible; GPTBot/1.2; +https://openai.com/gptbot)"
66.249.66.100 - - [25/May/2026:00:45:26 +0200] "GET /a-propos/ HTTP/1.1" 200 9817 "-" "Mozilla/5.0 AppleWebKit/537.36 (KHTML, like Gecko; compatible; Googlebot/2.1; +http://www.google.com/bot.html)"
176.150.20.30 - - [25/May/2026:00:56:22 +0200] "GET /newsletter/ HTTP/1.1" 200 42402 "https://chatgpt.com/" "Mozilla/5.0 (Windows NT 10.0; Win64; x64) AppleWebKit/537.36 (KHTML, like Gecko) Chrome/124.0.0.0 Safari/537.36"
52.230.152.10 - - [25/May/2026:02:42:56 +0200] "GET /blog/geo-c-est-quoi/ HTTP/1.1" 200 12015 "-" "Mozilla/5.0 AppleWebKit/537.36 (KHTML, like Gecko; compatible; GPTBot/1.2; +https://openai.com/gptbot)"
20.171.207.10 - - [25/May/2026:03:28:48 +0200] "GET /blog/llms-txt-explique/ HTTP/1.1" 200 59108 "-" "Mozilla/5.0 AppleWebKit/537.36 (KHTML, like Gecko; compatible; GPTBot/1.2; +https://openai.com/gptbot)"
44.225.94.121 - - [25/May/2026:03:31:17 +0200] "GET /services/audit-seo/ HTTP/1.1" 200 25083 "-" "Mozilla/5.0 AppleWebKit/537.36 (KHTML, like Gecko; compatible; Perplexity-User/1.0; +https://perplexity.ai/perplexity-user)"
82.66.10.55 - - [25/May/2026:06:42:41 +0200] "GET /blog/oai-searchbot-vs-gptbot/ HTTP/1.1" 200 52263 "https://www.perplexity.ai/" "Mozilla/5.0 (Macintosh; Intel Mac OS X 14_5) AppleWebKit/605.1.15 (KHTML, like Gecko) Version/17.5 Safari/605.1.15"
176.150.20.30 - - [25/May/2026:06:48:15 +0200] "GET /blog/geo-c-est-quoi/ HTTP/1.1" 200 39612 "https://www.google.com/" "Mozilla/5.0 (Macintosh; Intel Mac OS X 14_5) AppleWebKit/605.1.15 (KHTML, like Gecko) Version/17.5 Safari/605.1.15"
86.243.10.5 - - [25/May/2026:07:01:14 +0200] "GET /blog/llms-txt-explique/ HTTP/1.1" 200 46503 "https://www.perplexity.ai/" "Mozilla/5.0 (iPhone; CPU iPhone OS 17_5 like Mac OS X) AppleWebKit/605.1.15 (KHTML, like Gecko) Version/17.5 Mobile/15E148 Safari/604.1"
54.36.148.55 - - [25/May/2026:07:29:40 +0200] "GET /blog/ratio-crawl-visite-anthropic/ HTTP/1.1" 200 49205 "-" "Mozilla/5.0 AppleWebKit/537.36 (KHTML, like Gecko; compatible; ClaudeBot/1.0; +claudebot@anthropic.com)"
207.46.13.60 - - [25/May/2026:08:08:13 +0200] "GET /blog/llms-txt-explique/ HTTP/1.1" 200 45239 "-" "Mozilla/5.0 (compatible; bingbot/2.0; +http://www.bing.com/bingbot.htm)"
66.249.66.102 - - [25/May/2026:08:20:36 +0200] "GET /feed/ HTTP/1.1" 200 34067 "-" "Mozilla/5.0 AppleWebKit/537.36 (KHTML, like Gecko; compatible; Googlebot/2.1; +http://www.google.com/bot.html)"
20.171.207.10 - - [25/May/2026:08:28:54 +0200] "GET /services/audit-seo/ HTTP/1.1" 404 390 "-" "Mozilla/5.0 AppleWebKit/537.36 (KHTML, like Gecko; compatible; GPTBot/1.2; +https://openai.com/gptbot)"
176.150.20.30 - - [25/May/2026:08:33:19 +0200] "GET /cas-clients/ HTTP/1.1" 200 2749 "https://chatgpt.com/" "Mozilla/5.0 (iPhone; CPU iPhone OS 17_5 like Mac OS X) AppleWebKit/605.1.15 (KHTML, like Gecko) Version/17.5 Mobile/15E148 Safari/604.1"
92.184.105.110 - - [25/May/2026:08:44:53 +0200] "GET /blog/ HTTP/1.1" 200 20850 "-" "Mozilla/5.0 (Macintosh; Intel Mac OS X 14_5) AppleWebKit/605.1.15 (KHTML, like Gecko) Version/17.5 Safari/605.1.15"
52.21.5.10 - - [25/May/2026:12:26:24 +0200] "GET /wp-content/uploads/2026/05/hero.jpg HTTP/1.1" 200 13515 "-" "CCBot/2.0 (https://commoncrawl.org/faq/)"
20.171.207.50 - - [25/May/2026:12:52:28 +0200] "GET /services/audit-seo/ HTTP/1.1" 200 34184 "-" "Mozilla/5.0 AppleWebKit/537.36 (KHTML, like Gecko; compatible; GPTBot/1.2; +https://openai.com/gptbot)"
75.2.60.5 - - [25/May/2026:13:02:26 +0200] "GET /services/conseil-ia/ HTTP/1.1" 200 22998 "-" "Mozilla/5.0 AppleWebKit/537.36 (KHTML, like Gecko; compatible; PerplexityBot/1.0; +https://perplexity.ai/perplexitybot)"
44.225.94.121 - - [25/May/2026:13:19:02 +0200] "GET /sitemap.xml HTTP/1.1" 200 14700 "-" "Mozilla/5.0 AppleWebKit/537.36 (KHTML, like Gecko; compatible; Perplexity-User/1.0; +https://perplexity.ai/perplexity-user)"
52.230.152.10 - - [25/May/2026:14:57:59 +0200] "GET /newsletter/ HTTP/1.1" 200 20013 "-" "Mozilla/5.0 AppleWebKit/537.36 (KHTML, like Gecko; compatible; GPTBot/1.2; +https://openai.com/gptbot)"
20.171.207.10 - - [25/May/2026:15:12:32 +0200] "GET /blog/llms-txt-explique/ HTTP/1.1" 301 121 "-" "Mozilla/5.0 AppleWebKit/537.36 (KHTML, like Gecko; compatible; GPTBot/1.2; +https://openai.com/gptbot)"
78.231.5.40 - - [25/May/2026:15:37:39 +0200] "GET /a-propos/ HTTP/1.1" 200 38558 "https://chatgpt.com/" "Mozilla/5.0 (Macintosh; Intel Mac OS X 14_5) AppleWebKit/605.1.15 (KHTML, like Gecko) Version/17.5 Safari/605.1.15"
92.184.105.110 - - [25/May/2026:15:43:31 +0200] "GET /wp-admin/admin-ajax.php HTTP/1.1" 200 38808 "-" "Mozilla/5.0 (Macintosh; Intel Mac OS X 14_5) AppleWebKit/605.1.15 (KHTML, like Gecko) Version/17.5 Safari/605.1.15"
20.171.207.10 - - [25/May/2026:16:00:17 +0200] "GET /blog/ratio-crawl-visite-anthropic/ HTTP/1.1" 200 2424 "-" "Mozilla/5.0 AppleWebKit/537.36 (KHTML, like Gecko; compatible; GPTBot/1.2; +https://openai.com/gptbot)"
82.66.10.55 - - [25/May/2026:17:14:43 +0200] "GET / HTTP/1.1" 200 41119 "https://www.perplexity.ai/" "Mozilla/5.0 (Macintosh; Intel Mac OS X 14_5) AppleWebKit/605.1.15 (KHTML, like Gecko) Version/17.5 Safari/605.1.15"
111.225.149.10 - - [25/May/2026:18:04:52 +0200] "GET /blog/geo-c-est-quoi/ HTTP/1.1" 200 12108 "-" "Mozilla/5.0 (Linux; Android 5.0) AppleWebKit/537.36 (KHTML, like Gecko) Mobile Safari/537.36 (compatible; Bytespider; spider-feedback@bytedance.com)"
92.184.105.110 - - [25/May/2026:19:00:15 +0200] "GET /wp-content/uploads/2026/05/hero.jpg HTTP/1.1" 200 3722 "https://chatgpt.com/" "Mozilla/5.0 (Windows NT 10.0; Win64; x64) AppleWebKit/537.36 (KHTML, like Gecko) Chrome/124.0.0.0 Safari/537.36"
75.2.60.10 - - [25/May/2026:19:51:02 +0200] "GET /services/conseil-ia/ HTTP/1.1" 200 28607 "-" "Mozilla/5.0 AppleWebKit/537.36 (KHTML, like Gecko; compatible; PerplexityBot/1.0; +https://perplexity.ai/perplexitybot)"
54.36.148.30 - - [25/May/2026:21:23:53 +0200] "GET /blog/optimiser-pour-chatgpt/ HTTP/1.1" 200 8498 "-" "Mozilla/5.0 AppleWebKit/537.36 (KHTML, like Gecko; compatible; ClaudeBot/1.0; +claudebot@anthropic.com)"
75.2.60.10 - - [25/May/2026:21:32:39 +0200] "GET /services/conseil-ia/ HTTP/1.1" 200 55197 "-" "Mozilla/5.0 AppleWebKit/537.36 (KHTML, like Gecko; compatible; PerplexityBot/1.0; +https://perplexity.ai/perplexitybot)"
78.231.5.40 - - [25/May/2026:23:02:58 +0200] "GET /blog/ratio-crawl-visite-anthropic/ HTTP/1.1" 200 63381 "https://chatgpt.com/" "Mozilla/5.0 (Macintosh; Intel Mac OS X 14_5) AppleWebKit/605.1.15 (KHTML, like Gecko) Version/17.5 Safari/605.1.15"
75.2.60.5 - - [25/May/2026:23:08:05 +0200] "GET /blog/geo-c-est-quoi/ HTTP/1.1" 200 7251 "-" "Mozilla/5.0 AppleWebKit/537.36 (KHTML, like Gecko; compatible; PerplexityBot/1.0; +https://perplexity.ai/perplexitybot)"
