20.171.207.50 - - [12/May/2026:00:43:27 +0200] "GET /newsletter/ HTTP/1.1" 200 52184 "-" "Mozilla/5.0 AppleWebKit/537.36 (KHTML, like Gecko; compatible; GPTBot/1.2; +https://openai.com/gptbot)"
78.231.5.40 - - [12/May/2026:02:17:41 +0200] "GET /sitemap.xml HTTP/1.1" 200 51398 "https://chatgpt.com/" "Mozilla/5.0 (Windows NT 10.0; Win64; x64) AppleWebKit/537.36 (KHTML, like Gecko) Chrome/124.0.0.0 Safari/537.36"
17.241.75.10 - - [12/May/2026:02:34:58 +0200] "GET /services/conseil-ia/ HTTP/1.1" 301 392 "-" "Mozilla/5.0 (Macintosh; Intel Mac OS X 13_4) AppleWebKit/605.1.15 (KHTML, like Gecko) Version/16.5 Safari/605.1.15 (Applebot-Extended/0.1; +http://www.apple.com/go/applebot)"
20.171.207.10 - - [12/May/2026:03:07:47 +0200] "GET /cas-clients/aeconomia/ HTTP/1.1" 500 51 "-" "Mozilla/5.0 AppleWebKit/537.36 (KHTML, like Gecko; compatible; GPTBot/1.2; +https://openai.com/gptbot)"
54.36.148.55 - - [12/May/2026:03:24:38 +0200] "GET /blog/oai-searchbot-vs-gptbot/ HTTP/1.1" 200 47990 "-" "Mozilla/5.0 AppleWebKit/537.36 (KHTML, like Gecko; compatible; ClaudeBot/1.0; +claudebot@anthropic.com)"
66.249.66.1 - - [12/May/2026:04:59:35 +0200] "GET /services/ HTTP/1.1" 200 1834 "-" "Mozilla/5.0 (compatible; Google-Extended/1.0)"
40.84.180.224 - - [12/May/2026:06:30:46 +0200] "GET /feed/ HTTP/1.1" 200 63185 "-" "Mozilla/5.0 AppleWebKit/537.36 (KHTML, like Gecko; compatible; ChatGPT-User/1.0; +https://openai.com/bot)"
66.249.66.101 - - [12/May/2026:06:49:56 +0200] "GET /wp-content/uploads/2026/05/hero.jpg HTTP/1.1" 200 26154 "-" "Mozilla/5.0 AppleWebKit/537.36 (KHTML, like Gecko; compatible; Googlebot/2.1; +http://www.google.com/bot.html)"
92.184.105.110 - - [12/May/2026:08:42:24 +0200] "GET /wp-admin/admin-ajax.php HTTP/1.1" 200 27361 "-" "Mozilla/5.0 (Macintosh; Intel Mac OS X 14_5) AppleWebKit/605.1.15 (KHTML, like Gecko) Version/17.5 Safari/605.1.15"
54.36.149.65 - - [12/May/2026:09:42:00 +0200] "GET /cas-clients/aeconomia/ HTTP/1.1" 200 47316 "-" "Mozilla/5.0 AppleWebKit/537.36 (KHTML, like Gecko; compatible; ClaudeBot/1.0; +claudebot@anthropic.com)"
86.243.10.5 - - [12/May/2026:11:41:32 +0200] "GET /contact/ HTTP/1.1" 200 25733 "https://www.perplexity.ai/" "Mozilla/5.0 (Windows NT 10.0; Win64; x64) AppleWebKit/537.36 (KHTML, like Gecko) Chrome/124.0.0.0 Safari/537.36"
66.249.66.100 - - [12/May/2026:12:25:35 +0200] "GET /blog/oai-searchbot-vs-gptbot/ HTTP/1.1" 200 13872 "-" "Mozilla/5.0 AppleWebKit/537.36 (KHTML, like Gecko; compatible; Googlebot/2.1; +http://www.google.com/bot.html)"
20.171.207.120 - - [12/May/2026:12:51:15 +0200] "GET /cas-clients/aeconomia/ HTTP/1.1" 200 48545 "-" "Mozilla/5.0 AppleWebKit/537.36 (KHTML, like Gecko; compatible; OAI-SearchBot/1.0; +https://openai.com/searchbot)"
54.36.148.10 - - [12/May/2026:14:39:55 +0200] "GET /wp-content/uploads/2026/05/hero.jpg HTTP/1.1" 200 53976 "-" "Mozilla/5.0 (compatible; anthropic-ai/0.1)"
199.79.16.10 - - [12/May/2026:14:40:50 +0200] "GET /contact/ HTTP/1.1" 200 16366 "-" "Mozilla/5.0 (compatible; YouBot (+http://www.you.com))"
92.184.105.110 - - [12/May/2026:15:13:18 +0200] "GET /a-propos/ HTTP/1.1" 200 54688 "https://www.perplexity.ai/" "Mozilla/5.0 (iPhone; CPU iPhone OS 17_5 like Mac OS X) AppleWebKit/605.1.15 (KHTML, like Gecko) Version/17.5 Mobile/15E148 Safari/604.1"
44.225.94.121 - - [12/May/2026:15:14:11 +0200] "GET /blog/ HTTP/1.1" 200 33084 "-" "Mozilla/5.0 AppleWebKit/537.36 (KHTML, like Gecko; compatible; Perplexity-User/1.0; +https://perplexity.ai/perplexity-user)"
20.171.207.10 - - [12/May/2026:15:23:49 +0200] "GET /services/ HTTP/1.1" 200 6029 "-" "Mozilla/5.0 AppleWebKit/537.36 (KHTML, like Gecko; compatible; GPTBot/1.2; +https://openai.com/gptbot)"
78.231.5.40 - - [12/May/2026:16:58:53 +0200] "GET /wp-content/uploads/2026/05/hero.jpg HTTP/1.1" 200 20726 "-" "Mozilla/5.0 (iPhone; CPU iPhone OS 17_5 like Mac OS X) AppleWebKit/605.1.15 (KHTML, like Gecko) Version/17.5 Mobile/15E148 Safari/604.1"
44.225.94.121 - - [12/May/2026:16:59:39 +0200] "GET /a-propos/ HTTP/1.1" 200 9052 "-" "Mozilla/5.0 AppleWebKit/537.36 (KHTML, like Gecko; compatible; Perplexity-User/1.0; +https://perplexity.ai/perplexity-user)"
82.66.10.55 - - [12/May/2026:17:03:25 +0200] "GET /services/ HTTP/1.1" 200 5440 "-" "Mozilla/5.0 (Windows NT 10.0; Win64; x64) AppleWebKit/537.36 (KHTML, like Gecko) Chrome/124.0.0.0 Safari/537.36"
111.225.149.10 - - [12/May/2026:19:06:54 +0200] "GET /services/conseil-ia/ HTTP/1.1" 200 57439 "-" "Mozilla/5.0 (Linux; Android 5.0) AppleWebKit/537.36 (KHTML, like Gecko) Mobile Safari/537.36 (compatible; Bytespider; spider-feedback@bytedance.com)"
20.171.207.50 - - [12/May/2026:19:46:53 +0200] "GET /blog/geo-c-est-quoi/ HTTP/1.1" 200 57137 "-" "Mozilla/5.0 AppleWebKit/537.36 (KHTML, like Gecko; compatible; GPTBot/1.2; +https://openai.com/gptbot)"
20.171.207.110 - - [12/May/2026:20:55:16 +0200] "GET /robots.txt HTTP/1.1" 200 51249 "-" "Mozilla/5.0 AppleWebKit/537.36 (KHTML, like Gecko; compatible; OAI-SearchBot/1.0; +https://openai.com/searchbot)"
20.171.207.120 - - [12/May/2026:21:34:51 +0200] "GET /robots.txt HTTP/1.1" 200 31334 "-" "Mozilla/5.0 AppleWebKit/537.36 (KHTML, like Gecko; compatible; OAI-SearchBot/1.0; +https://openai.com/searchbot)"
78.231.5.40 - - [12/May/2026:22:05:28 +0200] "GET /wp-content/uploads/2026/05/hero.jpg HTTP/1.1" 200 36451 "https://www.perplexity.ai/" "Mozilla/5.0 (iPhone; CPU iPhone OS 17_5 like Mac OS X) AppleWebKit/605.1.15 (KHTML, like Gecko) Version/17.5 Mobile/15E148 Safari/604.1"
18.144.20.10 - - [12/May/2026:22:08:46 +0200] "GET /blog/optimiser-pour-chatgpt/ HTTP/1.1" 200 26133 "-" "Mozilla/5.0 (compatible; DeepSeekBot/1.0; +https://deepseek.com/bot)"
20.171.207.10 - - [12/May/2026:22:14:21 +0200] "GET /cas-clients/ HTTP/1.1" 200 21422 "-" "Mozilla/5.0 AppleWebKit/537.36 (KHTML, like Gecko; compatible; GPTBot/1.2; +https://openai.com/gptbot)"
44.225.94.121 - - [12/May/2026:23:03:10 +0200] "GET /feed/ HTTP/1.1" 200 14952 "-" "Mozilla/5.0 AppleWebKit/537.36 (KHTML, like Gecko; compatible; Perplexity-User/1.0; +https://perplexity.ai/perplexity-user)"
20.171.207.10 - - [12/May/2026:23:48:28 +0200] "GET /services/ HTTP/1.1" 200 32612 "-" "Mozilla/5.0 AppleWebKit/537.36 (KHTML, like Gecko; compatible; GPTBot/1.2; +https://openai.com/gptbot)"
66.249.66.1 - - [13/May/2026:00:41:34 +0200] "GET /blog/geo-c-est-quoi/ HTTP/1.1" 200 10521 "-" "Mozilla/5.0 (compatible; Google-Extended/1.0)"
207.46.13.50 - - [13/May/2026:01:12:49 +0200] "GET /newsletter/ HTTP/1.1" 200 53300 "-" "Mozilla/5.0 (compatible; bingbot/2.0; +http://www.bing.com/bingbot.htm)"
15.188.10.20 - - [13/May/2026:01:55:38 +0200] "GET /blog/optimiser-pour-chatgpt/ HTTP/1.1" 200 36174 "-" "Mozilla/5.0 (compatible; MistralAI-User/1.0; +https://docs.mistral.ai)"
52.230.152.10 - - [13/May/2026:02:55:02 +0200] "GET /blog/ratio-crawl-visite-anthropic/ HTTP/1.1" 200 5253 "-" "Mozilla/5.0 AppleWebKit/537.36 (KHTML, like Gecko; compatible; GPTBot/1.2; +https://openai.com/gptbot)"
52.230.152.10 - - [13/May/2026:04:46:46 +0200] "GET /wp-content/uploads/2026/05/hero.jpg HTTP/1.1" 200 64893 "-" "Mozilla/5.0 AppleWebKit/537.36 (KHTML, like Gecko; compatible; GPTBot/1.2; +https://openai.com/gptbot)"
20.171.207.10 - - [13/May/2026:05:12:41 +0200] "GET /robots.txt HTTP/1.1" 200 6940 "-" "Mozilla/5.0 AppleWebKit/537.36 (KHTML, like Gecko; compatible; GPTBot/1.2; +https://openai.com/gptbot)"
66.220.149.20 - - [13/May/2026:05:36:41 +0200] "GET /blog/optimiser-pour-chatgpt/ HTTP/1.1" 200 39392 "-" "Mozilla/5.0 (compatible; Meta-ExternalAgent/1.1; +https://developers.facebook.com/docs/sharing/webmasters/crawler)"
75.2.60.5 - - [13/May/2026:06:20:30 +0200] "GET /newsletter/ HTTP/1.1" 200 35964 "-" "Mozilla/5.0 AppleWebKit/537.36 (KHTML, like Gecko; compatible; PerplexityBot/1.0; +https://perplexity.ai/perplexitybot)"
66.249.66.5 - - [13/May/2026:06:39:05 +0200] "GET /blog/geo-c-est-quoi/ HTTP/1.1" 200 7128 "-" "Mozilla/5.0 (compatible; Google-Extended/1.0)"
17.241.75.10 - - [13/May/2026:06:49:50 +0200] "GET /wp-admin/admin-ajax.php HTTP/1.1" 200 28314 "-" "Mozilla/5.0 (Macintosh; Intel Mac OS X 13_4) AppleWebKit/605.1.15 (KHTML, like Gecko) Version/16.5 Safari/605.1.15 (Applebot-Extended/0.1; +http://www.apple.com/go/applebot)"
20.171.207.10 - - [13/May/2026:07:00:44 +0200] "GET /robots.txt HTTP/1.1" 200 3689 "-" "Mozilla/5.0 AppleWebKit/537.36 (KHTML, like Gecko; compatible; GPTBot/1.2; +https://openai.com/gptbot)"
20.171.207.110 - - [13/May/2026:07:22:41 +0200] "GET /services/ HTTP/1.1" 200 15522 "-" "Mozilla/5.0 AppleWebKit/537.36 (KHTML, like Gecko; compatible; OAI-SearchBot/1.0; +https://openai.com/searchbot)"
44.225.94.121 - - [13/May/2026:08:39:23 +0200] "GET /feed/ HTTP/1.1" 200 30529 "-" "Mozilla/5.0 AppleWebKit/537.36 (KHTML, like Gecko; compatible; Perplexity-User/1.0; +https://perplexity.ai/perplexity-user)"
20.171.207.10 - - [13/May/2026:08:53:50 +0200] "GET /feed/ HTTP/1.1" 200 64304 "-" "Mozilla/5.0 AppleWebKit/537.36 (KHTML, like Gecko; compatible; GPTBot/1.2; +https://openai.com/gptbot)"
66.249.66.1 - - [13/May/2026:09:19:26 +0200] "GET /blog/optimiser-pour-chatgpt/ HTTP/1.1" 200 43458 "-" "Mozilla/5.0 (compatible; Google-Extended/1.0)"
54.36.149.99 - - [13/May/2026:09:30:11 +0200] "GET /sitemap.xml HTTP/1.1" 200 10247 "-" "Mozilla/5.0 (Macintosh; Intel Mac OS X 14_5) AppleWebKit/537.36 (KHTML, like Gecko; compatible; Claude-Web/1.0; +https://www.anthropic.com)"
23.98.142.176 - - [13/May/2026:10:14:19 +0200] "GET /services/conseil-ia/ HTTP/1.1" 200 40148 "-" "Mozilla/5.0 AppleWebKit/537.36 (KHTML, like Gecko; compatible; ChatGPT-User/1.0; +https://openai.com/bot)"
20.171.207.50 - - [13/May/2026:10:20:33 +0200] "GET /newsletter/ HTTP/1.1" 200 56341 "-" "Mozilla/5.0 AppleWebKit/537.36 (KHTML, like Gecko; compatible; GPTBot/1.2; +https://openai.com/gptbot)"
75.2.60.10 - - [13/May/2026:11:50:07 +0200] "GET /newsletter/ HTTP/1.1" 200 38470 "-" "Mozilla/5.0 AppleWebKit/537.36 (KHTML, like Gecko; compatible; PerplexityBot/1.0; +https://perplexity.ai/perplexitybot)"
20.171.207.10 - - [13/May/2026:12:19:12 +0200] "GET /blog/ HTTP/1.1" 200 15377 "-" "Mozilla/5.0 AppleWebKit/537.36 (KHTML, like Gecko; compatible; GPTBot/1.2; +https://openai.com/gptbot)"
75.2.60.10 - - [13/May/2026:12:24:15 +0200] "GET /services/ HTTP/1.1" 200 41402 "-" "Mozilla/5.0 AppleWebKit/537.36 (KHTML, like Gecko; compatible; PerplexityBot/1.0; +https://perplexity.ai/perplexitybot)"
20.171.207.50 - - [13/May/2026:13:35:22 +0200] "GET /blog/llms-txt-explique/ HTTP/1.1" 200 55496 "-" "Mozilla/5.0 AppleWebKit/537.36 (KHTML, like Gecko; compatible; GPTBot/1.2; +https://openai.com/gptbot)"
66.249.65.10 - - [13/May/2026:14:36:05 +0200] "GET /services/audit-seo/ HTTP/1.1" 200 53702 "-" "Mozilla/5.0 (compatible; GoogleOther)"
54.36.148.30 - - [13/May/2026:15:47:58 +0200] "GET /robots.txt HTTP/1.1" 200 52621 "-" "Mozilla/5.0 AppleWebKit/537.36 (KHTML, like Gecko; compatible; ClaudeBot/1.0; +claudebot@anthropic.com)"
54.36.148.30 - - [13/May/2026:16:32:25 +0200] "GET /blog/oai-searchbot-vs-gptbot/ HTTP/1.1" 200 49485 "-" "Mozilla/5.0 AppleWebKit/537.36 (KHTML, like Gecko; compatible; ClaudeBot/1.0; +claudebot@anthropic.com)"
66.249.66.102 - - [13/May/2026:16:56:27 +0200] "GET /services/ HTTP/1.1" 200 52828 "-" "Mozilla/5.0 AppleWebKit/537.36 (KHTML, like Gecko; compatible; Googlebot/2.1; +http://www.google.com/bot.html)"
207.46.13.60 - - [13/May/2026:17:49:24 +0200] "GET /contact/ HTTP/1.1" 200 27015 "-" "Mozilla/5.0 (compatible; bingbot/2.0; +http://www.bing.com/bingbot.htm)"
66.249.66.5 - - [13/May/2026:18:24:01 +0200] "GET /cas-clients/aeconomia/ HTTP/1.1" 200 36737 "-" "Mozilla/5.0 (compatible; Google-Extended/1.0)"
18.144.20.10 - - [13/May/2026:19:19:39 +0200] "GET /blog/geo-c-est-quoi/ HTTP/1.1" 200 25486 "-" "Mozilla/5.0 (compatible; DeepSeekBot/1.0; +https://deepseek.com/bot)"
66.249.66.102 - - [13/May/2026:20:49:32 +0200] "GET /contact/ HTTP/1.1" 200 54114 "-" "Mozilla/5.0 AppleWebKit/537.36 (KHTML, like Gecko; compatible; Googlebot/2.1; +http://www.google.com/bot.html)"
82.66.10.55 - - [13/May/2026:22:07:25 +0200] "GET /cas-clients/ HTTP/1.1" 200 17681 "https://www.google.com/" "Mozilla/5.0 (iPhone; CPU iPhone OS 17_5 like Mac OS X) AppleWebKit/605.1.15 (KHTML, like Gecko) Version/17.5 Mobile/15E148 Safari/604.1"
20.171.207.110 - - [13/May/2026:22:29:37 +0200] "GET /services/ HTTP/1.1" 200 10814 "-" "Mozilla/5.0 AppleWebKit/537.36 (KHTML, like Gecko; compatible; OAI-SearchBot/1.0; +https://openai.com/searchbot)"
52.230.152.10 - - [13/May/2026:22:53:04 +0200] "GET /blog/optimiser-pour-chatgpt/ HTTP/1.1" 200 59269 "-" "Mozilla/5.0 AppleWebKit/537.36 (KHTML, like Gecko; compatible; GPTBot/1.2; +https://openai.com/gptbot)"
86.243.10.5 - - [13/May/2026:23:20:05 +0200] "GET /newsletter/ HTTP/1.1" 200 58633 "https://www.perplexity.ai/" "Mozilla/5.0 (Macintosh; Intel Mac OS X 14_5) AppleWebKit/605.1.15 (KHTML, like Gecko) Version/17.5 Safari/605.1.15"
52.230.152.10 - - [14/May/2026:00:00:17 +0200] "GET /blog/llms-txt-explique/ HTTP/1.1" 200 37589 "-" "Mozilla/5.0 AppleWebKit/537.36 (KHTML, like Gecko; compatible; GPTBot/1.2; +https://openai.com/gptbot)"
20.171.207.110 - - [14/May/2026:01:30:39 +0200] "GET /blog/ HTTP/1.1" 200 31938 "-" "Mozilla/5.0 AppleWebKit/537.36 (KHTML, like Gecko; compatible; OAI-SearchBot/1.0; +https://openai.com/searchbot)"
92.184.105.110 - - [14/May/2026:01:39:09 +0200] "GET /cas-clients/ HTTP/1.1" 200 64141 "-" "Mozilla/5.0 (Windows NT 10.0; Win64; x64) AppleWebKit/537.36 (KHTML, like Gecko) Chrome/124.0.0.0 Safari/537.36"
54.36.149.65 - - [14/May/2026:02:07:49 +0200] "GET /cas-clients/ HTTP/1.1" 301 43 "-" "Mozilla/5.0 AppleWebKit/537.36 (KHTML, like Gecko; compatible; ClaudeBot/1.0; +claudebot@anthropic.com)"
78.231.5.40 - - [14/May/2026:05:06:53 +0200] "GET /sitemap.xml HTTP/1.1" 200 15370 "https://chatgpt.com/" "Mozilla/5.0 (Macintosh; Intel Mac OS X 14_5) AppleWebKit/605.1.15 (KHTML, like Gecko) Version/17.5 Safari/605.1.15"
199.79.16.10 - - [14/May/2026:06:30:54 +0200] "GET /cas-clients/aeconomia/ HTTP/1.1" 200 11648 "-" "Mozilla/5.0 (compatible; YouBot (+http://www.you.com))"
52.230.152.10 - - [14/May/2026:06:39:06 +0200] "GET /contact/ HTTP/1.1" 200 18296 "-" "Mozilla/5.0 AppleWebKit/537.36 (KHTML, like Gecko; compatible; GPTBot/1.2; +https://openai.com/gptbot)"
20.171.207.10 - - [14/May/2026:07:28:57 +0200] "GET /wp-admin/admin-ajax.php HTTP/1.1" 200 28530 "-" "Mozilla/5.0 AppleWebKit/537.36 (KHTML, like Gecko; compatible; GPTBot/1.2; +https://openai.com/gptbot)"
75.2.60.5 - - [14/May/2026:09:06:52 +0200] "GET /blog/geo-c-est-quoi/ HTTP/1.1" 200 25870 "-" "Mozilla/5.0 AppleWebKit/537.36 (KHTML, like Gecko; compatible; PerplexityBot/1.0; +https://perplexity.ai/perplexitybot)"
54.36.148.55 - - [14/May/2026:10:24:04 +0200] "GET /blog/geo-c-est-quoi/ HTTP/1.1" 200 27572 "-" "Mozilla/5.0 AppleWebKit/537.36 (KHTML, like Gecko; compatible; ClaudeBot/1.0; +claudebot@anthropic.com)"
66.249.66.102 - - [14/May/2026:10:49:47 +0200] "GET /sitemap.xml HTTP/1.1" 404 245 "-" "Mozilla/5.0 AppleWebKit/537.36 (KHTML, like Gecko; compatible; Googlebot/2.1; +http://www.google.com/bot.html)"
66.220.149.20 - - [14/May/2026:11:31:15 +0200] "GET /wp-content/uploads/2026/05/hero.jpg HTTP/1.1" 200 37744 "-" "Mozilla/5.0 (compatible; Meta-ExternalAgent/1.1; +https://developers.facebook.com/docs/sharing/webmasters/crawler)"
54.36.148.55 - - [14/May/2026:13:05:53 +0200] "GET /blog/oai-searchbot-vs-gptbot/ HTTP/1.1" 200 17731 "-" "Mozilla/5.0 AppleWebKit/537.36 (KHTML, like Gecko; compatible; ClaudeBot/1.0; +claudebot@anthropic.com)"
66.249.66.101 - - [14/May/2026:13:14:43 +0200] "GET /blog/llms-txt-explique/ HTTP/1.1" 200 51668 "-" "Mozilla/5.0 AppleWebKit/537.36 (KHTML, like Gecko; compatible; Googlebot/2.1; +http://www.google.com/bot.html)"
92.184.105.110 - - [14/May/2026:14:05:11 +0200] "GET /a-propos/ HTTP/1.1" 200 63330 "https://www.google.com/" "Mozilla/5.0 (Macintosh; Intel Mac OS X 14_5) AppleWebKit/605.1.15 (KHTML, like Gecko) Version/17.5 Safari/605.1.15"
92.184.105.110 - - [14/May/2026:15:47:03 +0200] "GET /wp-admin/admin-ajax.php HTTP/1.1" 200 32593 "https://www.perplexity.ai/" "Mozilla/5.0 (Macintosh; Intel Mac OS X 14_5) AppleWebKit/605.1.15 (KHTML, like Gecko) Version/17.5 Safari/605.1.15"
52.230.152.10 - - [14/May/2026:15:48:20 +0200] "GET /blog/oai-searchbot-vs-gptbot/ HTTP/1.1" 404 296 "-" "Mozilla/5.0 AppleWebKit/537.36 (KHTML, like Gecko; compatible; GPTBot/1.2; +https://openai.com/gptbot)"
78.231.5.40 - - [14/May/2026:16:06:12 +0200] "GET /robots.txt HTTP/1.1" 200 11924 "https://www.perplexity.ai/" "Mozilla/5.0 (Macintosh; Intel Mac OS X 14_5) AppleWebKit/605.1.15 (KHTML, like Gecko) Version/17.5 Safari/605.1.15"
20.171.207.110 - - [14/May/2026:16:27:29 +0200] "GET /newsletter/ HTTP/1.1" 200 59966 "-" "Mozilla/5.0 AppleWebKit/537.36 (KHTML, like Gecko; compatible; OAI-SearchBot/1.0; +https://openai.com/searchbot)"
66.220.149.10 - - [14/May/2026:18:16:59 +0200] "GET /cas-clients/aeconomia/ HTTP/1.1" 200 50551 "-" "Mozilla/5.0 (compatible; Meta-ExternalAgent/1.1; +https://developers.facebook.com/docs/sharing/webmasters/crawler)"
20.171.207.10 - - [14/May/2026:20:37:51 +0200] "GET /a-propos/ HTTP/1.1" 200 26738 "-" "Mozilla/5.0 AppleWebKit/537.36 (KHTML, like Gecko; compatible; GPTBot/1.2; +https://openai.com/gptbot)"
40.84.180.224 - - [14/May/2026:23:07:04 +0200] "GET /a-propos/ HTTP/1.1" 200 58448 "-" "Mozilla/5.0 AppleWebKit/537.36 (KHTML, like Gecko; compatible; ChatGPT-User/1.0; +https://openai.com/bot)"
20.171.207.50 - - [14/May/2026:23:49:08 +0200] "GET /newsletter/ HTTP/1.1" 200 11589 "-" "Mozilla/5.0 AppleWebKit/537.36 (KHTML, like Gecko; compatible; GPTBot/1.2; +https://openai.com/gptbot)"
82.66.10.55 - - [14/May/2026:23:53:58 +0200] "GET /feed/ HTTP/1.1" 200 47624 "https://chatgpt.com/" "Mozilla/5.0 (Macintosh; Intel Mac OS X 14_5) AppleWebKit/605.1.15 (KHTML, like Gecko) Version/17.5 Safari/605.1.15"
66.220.149.10 - - [15/May/2026:02:26:53 +0200] "GET /blog/ratio-crawl-visite-anthropic/ HTTP/1.1" 200 42299 "-" "Mozilla/5.0 (compatible; Meta-ExternalAgent/1.1; +https://developers.facebook.com/docs/sharing/webmasters/crawler)"
20.171.207.10 - - [15/May/2026:02:54:08 +0200] "GET /blog/oai-searchbot-vs-gptbot/ HTTP/1.1" 200 19058 "-" "Mozilla/5.0 AppleWebKit/537.36 (KHTML, like Gecko; compatible; GPTBot/1.2; +https://openai.com/gptbot)"
23.98.142.176 - - [15/May/2026:03:20:18 +0200] "GET /blog/geo-c-est-quoi/ HTTP/1.1" 200 43513 "-" "Mozilla/5.0 AppleWebKit/537.36 (KHTML, like Gecko; compatible; ChatGPT-User/1.0; +https://openai.com/bot)"
66.249.65.10 - - [15/May/2026:03:20:46 +0200] "GET /blog/optimiser-pour-chatgpt/ HTTP/1.1" 200 37255 "-" "Mozilla/5.0 (compatible; GoogleOther)"
176.150.20.30 - - [15/May/2026:03:33:18 +0200] "GET /blog/oai-searchbot-vs-gptbot/ HTTP/1.1" 200 47235 "https://www.perplexity.ai/" "Mozilla/5.0 (Macintosh; Intel Mac OS X 14_5) AppleWebKit/605.1.15 (KHTML, like Gecko) Version/17.5 Safari/605.1.15"
54.36.148.55 - - [15/May/2026:03:49:50 +0200] "GET /wp-admin/admin-ajax.php HTTP/1.1" 200 60339 "-" "Mozilla/5.0 AppleWebKit/537.36 (KHTML, like Gecko; compatible; ClaudeBot/1.0; +claudebot@anthropic.com)"
54.36.148.30 - - [15/May/2026:04:55:06 +0200] "GET /cas-clients/ HTTP/1.1" 200 2159 "-" "Mozilla/5.0 AppleWebKit/537.36 (KHTML, like Gecko; compatible; ClaudeBot/1.0; +claudebot@anthropic.com)"
20.171.207.50 - - [15/May/2026:04:57:36 +0200] "GET /blog/ HTTP/1.1" 200 27090 "-" "Mozilla/5.0 AppleWebKit/537.36 (KHTML, like Gecko; compatible; GPTBot/1.2; +https://openai.com/gptbot)"
52.230.152.10 - - [15/May/2026:05:19:06 +0200] "GET /services/ HTTP/1.1" 200 47189 "-" "Mozilla/5.0 AppleWebKit/537.36 (KHTML, like Gecko; compatible; GPTBot/1.2; +https://openai.com/gptbot)"
52.230.152.10 - - [15/May/2026:06:10:26 +0200] "GET /cas-clients/aeconomia/ HTTP/1.1" 200 13831 "-" "Mozilla/5.0 AppleWebKit/537.36 (KHTML, like Gecko; compatible; GPTBot/1.2; +https://openai.com/gptbot)"
20.171.207.110 - - [15/May/2026:06:47:23 +0200] "GET /a-propos/ HTTP/1.1" 200 36199 "-" "Mozilla/5.0 AppleWebKit/537.36 (KHTML, like Gecko; compatible; OAI-SearchBot/1.0; +https://openai.com/searchbot)"
66.249.66.101 - - [15/May/2026:07:13:16 +0200] "GET /blog/geo-c-est-quoi/ HTTP/1.1" 200 2647 "-" "Mozilla/5.0 AppleWebKit/537.36 (KHTML, like Gecko; compatible; Googlebot/2.1; +http://www.google.com/bot.html)"
23.98.142.176 - - [15/May/2026:08:09:03 +0200] "GET /wp-content/uploads/2026/05/hero.jpg HTTP/1.1" 200 37760 "-" "Mozilla/5.0 AppleWebKit/537.36 (KHTML, like Gecko; compatible; ChatGPT-User/1.0; +https://openai.com/bot)"
20.171.207.10 - - [15/May/2026:08:27:21 +0200] "GET /services/ HTTP/1.1" 200 62859 "-" "Mozilla/5.0 AppleWebKit/537.36 (KHTML, like Gecko; compatible; GPTBot/1.2; +https://openai.com/gptbot)"
66.249.66.101 - - [15/May/2026:09:01:05 +0200] "GET /blog/optimiser-pour-chatgpt/ HTTP/1.1" 200 48981 "-" "Mozilla/5.0 AppleWebKit/537.36 (KHTML, like Gecko; compatible; Googlebot/2.1; +http://www.google.com/bot.html)"
75.2.60.5 - - [15/May/2026:10:03:00 +0200] "GET /robots.txt HTTP/1.1" 200 52738 "-" "Mozilla/5.0 AppleWebKit/537.36 (KHTML, like Gecko; compatible; PerplexityBot/1.0; +https://perplexity.ai/perplexitybot)"
20.171.207.50 - - [15/May/2026:10:43:41 +0200] "GET /cas-clients/aeconomia/ HTTP/1.1" 200 6172 "-" "Mozilla/5.0 AppleWebKit/537.36 (KHTML, like Gecko; compatible; GPTBot/1.2; +https://openai.com/gptbot)"
111.225.149.10 - - [15/May/2026:11:14:30 +0200] "GET /sitemap.xml HTTP/1.1" 500 268 "-" "Mozilla/5.0 (Linux; Android 5.0) AppleWebKit/537.36 (KHTML, like Gecko) Mobile Safari/537.36 (compatible; Bytespider; spider-feedback@bytedance.com)"
52.230.152.10 - - [15/May/2026:11:17:46 +0200] "GET /blog/geo-c-est-quoi/ HTTP/1.1" 200 39355 "-" "Mozilla/5.0 AppleWebKit/537.36 (KHTML, like Gecko; compatible; GPTBot/1.2; +https://openai.com/gptbot)"
92.184.105.110 - - [15/May/2026:11:25:07 +0200] "GET /cas-clients/ HTTP/1.1" 200 49259 "https://chatgpt.com/" "Mozilla/5.0 (Macintosh; Intel Mac OS X 14_5) AppleWebKit/605.1.15 (KHTML, like Gecko) Version/17.5 Safari/605.1.15"
20.171.207.50 - - [15/May/2026:11:50:30 +0200] "GET /blog/optimiser-pour-chatgpt/ HTTP/1.1" 200 37492 "-" "Mozilla/5.0 AppleWebKit/537.36 (KHTML, like Gecko; compatible; GPTBot/1.2; +https://openai.com/gptbot)"
18.144.20.10 - - [15/May/2026:12:40:13 +0200] "GET /cas-clients/aeconomia/ HTTP/1.1" 200 22647 "-" "Mozilla/5.0 (compatible; DeepSeekBot/1.0; +https://deepseek.com/bot)"
54.36.148.30 - - [15/May/2026:12:48:21 +0200] "GET /blog/optimiser-pour-chatgpt/ HTTP/1.1" 404 206 "-" "Mozilla/5.0 AppleWebKit/537.36 (KHTML, like Gecko; compatible; ClaudeBot/1.0; +claudebot@anthropic.com)"
54.36.148.55 - - [15/May/2026:12:49:57 +0200] "GET /wp-content/uploads/2026/05/hero.jpg HTTP/1.1" 200 5082 "-" "Mozilla/5.0 AppleWebKit/537.36 (KHTML, like Gecko; compatible; ClaudeBot/1.0; +claudebot@anthropic.com)"
66.249.66.101 - - [15/May/2026:13:13:35 +0200] "GET / HTTP/1.1" 200 5227 "-" "Mozilla/5.0 AppleWebKit/537.36 (KHTML, like Gecko; compatible; Googlebot/2.1; +http://www.google.com/bot.html)"
20.171.207.110 - - [15/May/2026:13:35:12 +0200] "GET /robots.txt HTTP/1.1" 200 61458 "-" "Mozilla/5.0 AppleWebKit/537.36 (KHTML, like Gecko; compatible; OAI-SearchBot/1.0; +https://openai.com/searchbot)"
66.249.66.102 - - [15/May/2026:13:59:25 +0200] "GET /blog/llms-txt-explique/ HTTP/1.1" 200 48460 "-" "Mozilla/5.0 AppleWebKit/537.36 (KHTML, like Gecko; compatible; Googlebot/2.1; +http://www.google.com/bot.html)"
176.150.20.30 - - [15/May/2026:15:57:24 +0200] "GET /sitemap.xml HTTP/1.1" 200 16062 "https://chatgpt.com/" "Mozilla/5.0 (iPhone; CPU iPhone OS 17_5 like Mac OS X) AppleWebKit/605.1.15 (KHTML, like Gecko) Version/17.5 Mobile/15E148 Safari/604.1"
20.171.207.50 - - [15/May/2026:16:16:51 +0200] "GET /cas-clients/ HTTP/1.1" 200 39042 "-" "Mozilla/5.0 AppleWebKit/537.36 (KHTML, like Gecko; compatible; GPTBot/1.2; +https://openai.com/gptbot)"
66.249.66.1 - - [15/May/2026:17:09:48 +0200] "GET /blog/llms-txt-explique/ HTTP/1.1" 200 35277 "-" "Mozilla/5.0 (compatible; Google-Extended/1.0)"
82.66.10.55 - - [15/May/2026:17:13:05 +0200] "GET /services/ HTTP/1.1" 200 49277 "-" "Mozilla/5.0 (iPhone; CPU iPhone OS 17_5 like Mac OS X) AppleWebKit/605.1.15 (KHTML, like Gecko) Version/17.5 Mobile/15E148 Safari/604.1"
54.36.148.55 - - [15/May/2026:18:10:50 +0200] "GET /services/ HTTP/1.1" 200 6479 "-" "Mozilla/5.0 AppleWebKit/537.36 (KHTML, like Gecko; compatible; ClaudeBot/1.0; +claudebot@anthropic.com)"
54.36.149.65 - - [15/May/2026:20:10:06 +0200] "GET /blog/ HTTP/1.1" 200 46505 "-" "Mozilla/5.0 AppleWebKit/537.36 (KHTML, like Gecko; compatible; ClaudeBot/1.0; +claudebot@anthropic.com)"
75.2.60.5 - - [15/May/2026:20:13:31 +0200] "GET /cas-clients/ HTTP/1.1" 200 51807 "-" "Mozilla/5.0 AppleWebKit/537.36 (KHTML, like Gecko; compatible; PerplexityBot/1.0; +https://perplexity.ai/perplexitybot)"
54.36.148.30 - - [15/May/2026:20:54:13 +0200] "GET /cas-clients/ HTTP/1.1" 404 268 "-" "Mozilla/5.0 AppleWebKit/537.36 (KHTML, like Gecko; compatible; ClaudeBot/1.0; +claudebot@anthropic.com)"
66.249.66.5 - - [15/May/2026:21:09:51 +0200] "GET /blog/llms-txt-explique/ HTTP/1.1" 404 276 "-" "Mozilla/5.0 (compatible; Google-Extended/1.0)"
52.230.152.10 - - [15/May/2026:21:28:19 +0200] "GET / HTTP/1.1" 200 11263 "-" "Mozilla/5.0 AppleWebKit/537.36 (KHTML, like Gecko; compatible; GPTBot/1.2; +https://openai.com/gptbot)"
40.84.180.224 - - [15/May/2026:21:29:38 +0200] "GET /robots.txt HTTP/1.1" 200 6167 "-" "Mozilla/5.0 AppleWebKit/537.36 (KHTML, like Gecko; compatible; ChatGPT-User/1.0; +https://openai.com/bot)"
54.36.148.30 - - [15/May/2026:21:57:54 +0200] "GET /cas-clients/aeconomia/ HTTP/1.1" 200 18905 "-" "Mozilla/5.0 AppleWebKit/537.36 (KHTML, like Gecko; compatible; ClaudeBot/1.0; +claudebot@anthropic.com)"
54.36.149.65 - - [15/May/2026:23:05:14 +0200] "GET /blog/optimiser-pour-chatgpt/ HTTP/1.1" 200 20214 "-" "Mozilla/5.0 AppleWebKit/537.36 (KHTML, like Gecko; compatible; ClaudeBot/1.0; +claudebot@anthropic.com)"
54.36.149.65 - - [15/May/2026:23:32:16 +0200] "GET /wp-content/uploads/2026/05/hero.jpg HTTP/1.1" 200 12882 "-" "Mozilla/5.0 AppleWebKit/537.36 (KHTML, like Gecko; compatible; ClaudeBot/1.0; +claudebot@anthropic.com)"
52.21.5.10 - - [15/May/2026:23:46:51 +0200] "GET /blog/ratio-crawl-visite-anthropic/ HTTP/1.1" 200 60130 "-" "CCBot/2.0 (https://commoncrawl.org/faq/)"
20.171.207.10 - - [15/May/2026:23:50:37 +0200] "GET /feed/ HTTP/1.1" 200 32694 "-" "Mozilla/5.0 AppleWebKit/537.36 (KHTML, like Gecko; compatible; GPTBot/1.2; +https://openai.com/gptbot)"
66.249.66.102 - - [16/May/2026:00:23:29 +0200] "GET /wp-content/uploads/2026/05/hero.jpg HTTP/1.1" 200 9895 "-" "Mozilla/5.0 AppleWebKit/537.36 (KHTML, like Gecko; compatible; Googlebot/2.1; +http://www.google.com/bot.html)"
66.220.149.10 - - [16/May/2026:01:16:37 +0200] "GET /newsletter/ HTTP/1.1" 200 22084 "-" "Mozilla/5.0 (compatible; Meta-ExternalAgent/1.1; +https://developers.facebook.com/docs/sharing/webmasters/crawler)"
66.249.66.102 - - [16/May/2026:01:52:02 +0200] "GET / HTTP/1.1" 200 16565 "-" "Mozilla/5.0 AppleWebKit/537.36 (KHTML, like Gecko; compatible; Googlebot/2.1; +http://www.google.com/bot.html)"
54.36.148.30 - - [16/May/2026:03:54:38 +0200] "GET /cas-clients/ HTTP/1.1" 500 156 "-" "Mozilla/5.0 AppleWebKit/537.36 (KHTML, like Gecko; compatible; ClaudeBot/1.0; +claudebot@anthropic.com)"
20.171.207.120 - - [16/May/2026:04:20:01 +0200] "GET /newsletter/ HTTP/1.1" 200 63284 "-" "Mozilla/5.0 AppleWebKit/537.36 (KHTML, like Gecko; compatible; OAI-SearchBot/1.0; +https://openai.com/searchbot)"
20.171.207.120 - - [16/May/2026:06:06:06 +0200] "GET /blog/oai-searchbot-vs-gptbot/ HTTP/1.1" 200 38809 "-" "Mozilla/5.0 AppleWebKit/537.36 (KHTML, like Gecko; compatible; OAI-SearchBot/1.0; +https://openai.com/searchbot)"
207.46.13.60 - - [16/May/2026:06:58:57 +0200] "GET /cas-clients/aeconomia/ HTTP/1.1" 200 11721 "-" "Mozilla/5.0 (compatible; bingbot/2.0; +http://www.bing.com/bingbot.htm)"
54.36.149.65 - - [16/May/2026:08:24:43 +0200] "GET / HTTP/1.1" 200 6908 "-" "Mozilla/5.0 AppleWebKit/537.36 (KHTML, like Gecko; compatible; ClaudeBot/1.0; +claudebot@anthropic.com)"
66.249.66.102 - - [16/May/2026:10:02:24 +0200] "GET /services/conseil-ia/ HTTP/1.1" 200 54238 "-" "Mozilla/5.0 AppleWebKit/537.36 (KHTML, like Gecko; compatible; Googlebot/2.1; +http://www.google.com/bot.html)"
176.150.20.30 - - [16/May/2026:10:31:32 +0200] "GET /services/audit-seo/ HTTP/1.1" 200 20860 "-" "Mozilla/5.0 (iPhone; CPU iPhone OS 17_5 like Mac OS X) AppleWebKit/605.1.15 (KHTML, like Gecko) Version/17.5 Mobile/15E148 Safari/604.1"
78.231.5.40 - - [16/May/2026:11:13:22 +0200] "GET /services/audit-seo/ HTTP/1.1" 200 31464 "https://www.google.com/" "Mozilla/5.0 (Windows NT 10.0; Win64; x64) AppleWebKit/537.36 (KHTML, like Gecko) Chrome/124.0.0.0 Safari/537.36"
86.243.10.5 - - [16/May/2026:11:54:44 +0200] "GET /cas-clients/ HTTP/1.1" 200 17218 "-" "Mozilla/5.0 (Windows NT 10.0; Win64; x64) AppleWebKit/537.36 (KHTML, like Gecko) Chrome/124.0.0.0 Safari/537.36"
92.184.105.110 - - [16/May/2026:12:24:50 +0200] "GET /wp-admin/admin-ajax.php HTTP/1.1" 200 60649 "https://chatgpt.com/" "Mozilla/5.0 (Macintosh; Intel Mac OS X 14_5) AppleWebKit/605.1.15 (KHTML, like Gecko) Version/17.5 Safari/605.1.15"
66.249.66.1 - - [16/May/2026:14:23:45 +0200] "GET /blog/llms-txt-explique/ HTTP/1.1" 200 39858 "-" "Mozilla/5.0 (compatible; Google-Extended/1.0)"
54.36.148.55 - - [16/May/2026:14:48:50 +0200] "GET /wp-content/uploads/2026/05/hero.jpg HTTP/1.1" 200 62744 "-" "Mozilla/5.0 AppleWebKit/537.36 (KHTML, like Gecko; compatible; ClaudeBot/1.0; +claudebot@anthropic.com)"
54.36.149.65 - - [16/May/2026:15:08:44 +0200] "GET /sitemap.xml HTTP/1.1" 200 17275 "-" "Mozilla/5.0 AppleWebKit/537.36 (KHTML, like Gecko; compatible; ClaudeBot/1.0; +claudebot@anthropic.com)"
20.171.207.10 - - [16/May/2026:16:04:29 +0200] "GET /blog/llms-txt-explique/ HTTP/1.1" 200 17967 "-" "Mozilla/5.0 AppleWebKit/537.36 (KHTML, like Gecko; compatible; GPTBot/1.2; +https://openai.com/gptbot)"
20.171.207.120 - - [16/May/2026:16:56:21 +0200] "GET /newsletter/ HTTP/1.1" 200 55883 "-" "Mozilla/5.0 AppleWebKit/537.36 (KHTML, like Gecko; compatible; OAI-SearchBot/1.0; +https://openai.com/searchbot)"
54.36.149.99 - - [16/May/2026:17:45:23 +0200] "GET /newsletter/ HTTP/1.1" 200 56621 "-" "Mozilla/5.0 (Macintosh; Intel Mac OS X 14_5) AppleWebKit/537.36 (KHTML, like Gecko; compatible; Claude-Web/1.0; +https://www.anthropic.com)"
54.36.148.10 - - [16/May/2026:18:11:52 +0200] "GET /wp-admin/admin-ajax.php HTTP/1.1" 200 968 "-" "Mozilla/5.0 (compatible; anthropic-ai/0.1)"
20.171.207.10 - - [16/May/2026:18:17:55 +0200] "GET /services/conseil-ia/ HTTP/1.1" 200 30535 "-" "Mozilla/5.0 AppleWebKit/537.36 (KHTML, like Gecko; compatible; GPTBot/1.2; +https://openai.com/gptbot)"
17.241.75.10 - - [16/May/2026:18:32:27 +0200] "GET /contact/ HTTP/1.1" 200 22058 "-" "Mozilla/5.0 (Macintosh; Intel Mac OS X 13_4) AppleWebKit/605.1.15 (KHTML, like Gecko) Version/16.5 Safari/605.1.15 (Applebot-Extended/0.1; +http://www.apple.com/go/applebot)"
15.188.10.20 - - [16/May/2026:18:49:19 +0200] "GET /wp-content/uploads/2026/05/hero.jpg HTTP/1.1" 200 9815 "-" "Mozilla/5.0 (compatible; MistralAI-User/1.0; +https://docs.mistral.ai)"
17.241.75.10 - - [16/May/2026:19:58:40 +0200] "GET /blog/optimiser-pour-chatgpt/ HTTP/1.1" 200 45265 "-" "Mozilla/5.0 (Macintosh; Intel Mac OS X 13_4) AppleWebKit/605.1.15 (KHTML, like Gecko) Version/16.5 Safari/605.1.15 (Applebot-Extended/0.1; +http://www.apple.com/go/applebot)"
78.231.5.40 - - [16/May/2026:20:22:40 +0200] "GET /services/audit-seo/ HTTP/1.1" 200 50977 "https://www.perplexity.ai/" "Mozilla/5.0 (iPhone; CPU iPhone OS 17_5 like Mac OS X) AppleWebKit/605.1.15 (KHTML, like Gecko) Version/17.5 Mobile/15E148 Safari/604.1"
207.46.13.60 - - [16/May/2026:22:07:10 +0200] "GET /blog/ HTTP/1.1" 200 60543 "-" "Mozilla/5.0 (compatible; bingbot/2.0; +http://www.bing.com/bingbot.htm)"
66.249.65.10 - - [16/May/2026:22:09:10 +0200] "GET /cas-clients/ HTTP/1.1" 200 10940 "-" "Mozilla/5.0 (compatible; GoogleOther)"
111.225.149.10 - - [16/May/2026:22:15:08 +0200] "GET /blog/geo-c-est-quoi/ HTTP/1.1" 200 30416 "-" "Mozilla/5.0 (Linux; Android 5.0) AppleWebKit/537.36 (KHTML, like Gecko) Mobile Safari/537.36 (compatible; Bytespider; spider-feedback@bytedance.com)"
20.171.207.10 - - [16/May/2026:23:02:37 +0200] "GET /robots.txt HTTP/1.1" 200 48580 "-" "Mozilla/5.0 AppleWebKit/537.36 (KHTML, like Gecko; compatible; GPTBot/1.2; +https://openai.com/gptbot)"
66.249.66.101 - - [16/May/2026:23:56:35 +0200] "GET /blog/ HTTP/1.1" 200 22553 "-" "Mozilla/5.0 AppleWebKit/537.36 (KHTML, like Gecko; compatible; Googlebot/2.1; +http://www.google.com/bot.html)"
54.36.149.65 - - [17/May/2026:01:15:21 +0200] "GET /services/conseil-ia/ HTTP/1.1" 200 35805 "-" "Mozilla/5.0 AppleWebKit/537.36 (KHTML, like Gecko; compatible; ClaudeBot/1.0; +claudebot@anthropic.com)"
20.171.207.10 - - [17/May/2026:01:37:50 +0200] "GET /blog/llms-txt-explique/ HTTP/1.1" 200 6757 "-" "Mozilla/5.0 AppleWebKit/537.36 (KHTML, like Gecko; compatible; GPTBot/1.2; +https://openai.com/gptbot)"
176.150.20.30 - - [17/May/2026:01:48:28 +0200] "GET /newsletter/ HTTP/1.1" 200 35046 "https://www.perplexity.ai/" "Mozilla/5.0 (Windows NT 10.0; Win64; x64) AppleWebKit/537.36 (KHTML, like Gecko) Chrome/124.0.0.0 Safari/537.36"
111.225.149.20 - - [17/May/2026:02:16:10 +0200] "GET /services/conseil-ia/ HTTP/1.1" 200 51555 "-" "Mozilla/5.0 (Linux; Android 5.0) AppleWebKit/537.36 (KHTML, like Gecko) Mobile Safari/537.36 (compatible; Bytespider; spider-feedback@bytedance.com)"
20.171.207.120 - - [17/May/2026:02:22:41 +0200] "GET /blog/geo-c-est-quoi/ HTTP/1.1" 301 471 "-" "Mozilla/5.0 AppleWebKit/537.36 (KHTML, like Gecko; compatible; OAI-SearchBot/1.0; +https://openai.com/searchbot)"
52.230.152.10 - - [17/May/2026:02:31:22 +0200] "GET /blog/ HTTP/1.1" 200 14567 "-" "Mozilla/5.0 AppleWebKit/537.36 (KHTML, like Gecko; compatible; GPTBot/1.2; +https://openai.com/gptbot)"
66.249.66.1 - - [17/May/2026:05:45:54 +0200] "GET /blog/llms-txt-explique/ HTTP/1.1" 200 31881 "-" "Mozilla/5.0 (compatible; Google-Extended/1.0)"
66.249.66.5 - - [17/May/2026:07:59:01 +0200] "GET /cas-clients/aeconomia/ HTTP/1.1" 200 30534 "-" "Mozilla/5.0 (compatible; Google-Extended/1.0)"
54.36.148.10 - - [17/May/2026:09:43:20 +0200] "GET /blog/llms-txt-explique/ HTTP/1.1" 200 3226 "-" "Mozilla/5.0 (compatible; anthropic-ai/0.1)"
23.98.142.176 - - [17/May/2026:13:16:32 +0200] "GET /blog/oai-searchbot-vs-gptbot/ HTTP/1.1" 200 46060 "-" "Mozilla/5.0 AppleWebKit/537.36 (KHTML, like Gecko; compatible; ChatGPT-User/1.0; +https://openai.com/bot)"
66.249.66.5 - - [17/May/2026:13:58:23 +0200] "GET /blog/optimiser-pour-chatgpt/ HTTP/1.1" 200 21281 "-" "Mozilla/5.0 (compatible; Google-Extended/1.0)"
78.231.5.40 - - [17/May/2026:16:43:14 +0200] "GET /blog/oai-searchbot-vs-gptbot/ HTTP/1.1" 200 51539 "https://chatgpt.com/" "Mozilla/5.0 (Macintosh; Intel Mac OS X 14_5) AppleWebKit/605.1.15 (KHTML, like Gecko) Version/17.5 Safari/605.1.15"
54.36.149.65 - - [17/May/2026:17:12:17 +0200] "GET /a-propos/ HTTP/1.1" 200 57012 "-" "Mozilla/5.0 AppleWebKit/537.36 (KHTML, like Gecko; compatible; ClaudeBot/1.0; +claudebot@anthropic.com)"
54.36.148.55 - - [17/May/2026:18:51:03 +0200] "GET /blog/oai-searchbot-vs-gptbot/ HTTP/1.1" 200 41604 "-" "Mozilla/5.0 AppleWebKit/537.36 (KHTML, like Gecko; compatible; ClaudeBot/1.0; +claudebot@anthropic.com)"
78.231.5.40 - - [17/May/2026:18:52:08 +0200] "GET /blog/llms-txt-explique/ HTTP/1.1" 200 2339 "https://www.google.com/" "Mozilla/5.0 (Windows NT 10.0; Win64; x64) AppleWebKit/537.36 (KHTML, like Gecko) Chrome/124.0.0.0 Safari/537.36"
66.249.66.100 - - [17/May/2026:19:57:59 +0200] "GET /blog/geo-c-est-quoi/ HTTP/1.1" 200 24432 "-" "Mozilla/5.0 AppleWebKit/537.36 (KHTML, like Gecko; compatible; Googlebot/2.1; +http://www.google.com/bot.html)"
20.171.207.50 - - [17/May/2026:21:50:44 +0200] "GET /blog/geo-c-est-quoi/ HTTP/1.1" 200 39852 "-" "Mozilla/5.0 AppleWebKit/537.36 (KHTML, like Gecko; compatible; GPTBot/1.2; +https://openai.com/gptbot)"
20.171.207.50 - - [17/May/2026:21:59:53 +0200] "GET /services/audit-seo/ HTTP/1.1" 200 63531 "-" "Mozilla/5.0 AppleWebKit/537.36 (KHTML, like Gecko; compatible; GPTBot/1.2; +https://openai.com/gptbot)"
54.36.148.55 - - [17/May/2026:22:50:47 +0200] "GET /feed/ HTTP/1.1" 200 10564 "-" "Mozilla/5.0 AppleWebKit/537.36 (KHTML, like Gecko; compatible; ClaudeBot/1.0; +claudebot@anthropic.com)"
66.249.66.5 - - [17/May/2026:23:13:40 +0200] "GET /blog/optimiser-pour-chatgpt/ HTTP/1.1" 200 60418 "-" "Mozilla/5.0 (compatible; Google-Extended/1.0)"
66.249.66.5 - - [18/May/2026:00:30:12 +0200] "GET /services/ HTTP/1.1" 200 55025 "-" "Mozilla/5.0 (compatible; Google-Extended/1.0)"
54.36.148.55 - - [18/May/2026:02:27:26 +0200] "GET /wp-content/uploads/2026/05/hero.jpg HTTP/1.1" 404 240 "-" "Mozilla/5.0 AppleWebKit/537.36 (KHTML, like Gecko; compatible; ClaudeBot/1.0; +claudebot@anthropic.com)"
66.220.149.20 - - [18/May/2026:02:34:10 +0200] "GET /sitemap.xml HTTP/1.1" 301 441 "-" "Mozilla/5.0 (compatible; Meta-ExternalAgent/1.1; +https://developers.facebook.com/docs/sharing/webmasters/crawler)"
20.171.207.110 - - [18/May/2026:02:37:41 +0200] "GET /wp-admin/admin-ajax.php HTTP/1.1" 200 59749 "-" "Mozilla/5.0 AppleWebKit/537.36 (KHTML, like Gecko; compatible; OAI-SearchBot/1.0; +https://openai.com/searchbot)"
111.225.149.10 - - [18/May/2026:04:34:54 +0200] "GET /services/conseil-ia/ HTTP/1.1" 200 39559 "-" "Mozilla/5.0 (Linux; Android 5.0) AppleWebKit/537.36 (KHTML, like Gecko) Mobile Safari/537.36 (compatible; Bytespider; spider-feedback@bytedance.com)"
44.225.94.121 - - [18/May/2026:04:58:35 +0200] "GET /services/ HTTP/1.1" 200 7311 "-" "Mozilla/5.0 AppleWebKit/537.36 (KHTML, like Gecko; compatible; Perplexity-User/1.0; +https://perplexity.ai/perplexity-user)"
75.2.60.10 - - [18/May/2026:05:04:33 +0200] "GET /services/conseil-ia/ HTTP/1.1" 200 3814 "-" "Mozilla/5.0 AppleWebKit/537.36 (KHTML, like Gecko; compatible; PerplexityBot/1.0; +https://perplexity.ai/perplexitybot)"
20.171.207.10 - - [18/May/2026:06:44:02 +0200] "GET /robots.txt HTTP/1.1" 200 31118 "-" "Mozilla/5.0 AppleWebKit/537.36 (KHTML, like Gecko; compatible; GPTBot/1.2; +https://openai.com/gptbot)"
111.225.149.20 - - [18/May/2026:07:06:37 +0200] "GET /cas-clients/ HTTP/1.1" 200 21871 "-" "Mozilla/5.0 (Linux; Android 5.0) AppleWebKit/537.36 (KHTML, like Gecko) Mobile Safari/537.36 (compatible; Bytespider; spider-feedback@bytedance.com)"
82.66.10.55 - - [18/May/2026:07:11:28 +0200] "GET /blog/llms-txt-explique/ HTTP/1.1" 200 59537 "https://www.google.com/" "Mozilla/5.0 (Macintosh; Intel Mac OS X 14_5) AppleWebKit/605.1.15 (KHTML, like Gecko) Version/17.5 Safari/605.1.15"
66.249.66.5 - - [18/May/2026:07:52:25 +0200] "GET /services/ HTTP/1.1" 301 22 "-" "Mozilla/5.0 (compatible; Google-Extended/1.0)"
78.231.5.40 - - [18/May/2026:07:53:10 +0200] "GET /a-propos/ HTTP/1.1" 200 45767 "https://chatgpt.com/" "Mozilla/5.0 (Windows NT 10.0; Win64; x64) AppleWebKit/537.36 (KHTML, like Gecko) Chrome/124.0.0.0 Safari/537.36"
75.2.60.10 - - [18/May/2026:08:48:28 +0200] "GET /services/audit-seo/ HTTP/1.1" 200 54697 "-" "Mozilla/5.0 AppleWebKit/537.36 (KHTML, like Gecko; compatible; PerplexityBot/1.0; +https://perplexity.ai/perplexitybot)"
20.171.207.120 - - [18/May/2026:09:01:10 +0200] "GET /cas-clients/ HTTP/1.1" 200 46436 "-" "Mozilla/5.0 AppleWebKit/537.36 (KHTML, like Gecko; compatible; OAI-SearchBot/1.0; +https://openai.com/searchbot)"
54.36.148.30 - - [18/May/2026:09:28:48 +0200] "GET /blog/llms-txt-explique/ HTTP/1.1" 200 61215 "-" "Mozilla/5.0 AppleWebKit/537.36 (KHTML, like Gecko; compatible; ClaudeBot/1.0; +claudebot@anthropic.com)"
75.2.60.10 - - [18/May/2026:09:29:48 +0200] "GET /services/conseil-ia/ HTTP/1.1" 200 26011 "-" "Mozilla/5.0 AppleWebKit/537.36 (KHTML, like Gecko; compatible; PerplexityBot/1.0; +https://perplexity.ai/perplexitybot)"
66.249.66.102 - - [18/May/2026:09:35:24 +0200] "GET /blog/optimiser-pour-chatgpt/ HTTP/1.1" 200 33556 "-" "Mozilla/5.0 AppleWebKit/537.36 (KHTML, like Gecko; compatible; Googlebot/2.1; +http://www.google.com/bot.html)"
66.249.66.5 - - [18/May/2026:09:54:07 +0200] "GET / HTTP/1.1" 200 32190 "-" "Mozilla/5.0 (compatible; Google-Extended/1.0)"
75.2.60.10 - - [18/May/2026:10:24:56 +0200] "GET / HTTP/1.1" 200 31290 "-" "Mozilla/5.0 AppleWebKit/537.36 (KHTML, like Gecko; compatible; PerplexityBot/1.0; +https://perplexity.ai/perplexitybot)"
82.66.10.55 - - [18/May/2026:10:26:48 +0200] "GET /feed/ HTTP/1.1" 200 25218 "https://chatgpt.com/" "Mozilla/5.0 (Macintosh; Intel Mac OS X 14_5) AppleWebKit/605.1.15 (KHTML, like Gecko) Version/17.5 Safari/605.1.15"
20.171.207.120 - - [18/May/2026:12:14:09 +0200] "GET /sitemap.xml HTTP/1.1" 200 34300 "-" "Mozilla/5.0 AppleWebKit/537.36 (KHTML, like Gecko; compatible; OAI-SearchBot/1.0; +https://openai.com/searchbot)"
23.98.142.176 - - [18/May/2026:12:15:04 +0200] "GET /services/audit-seo/ HTTP/1.1" 200 11796 "-" "Mozilla/5.0 AppleWebKit/537.36 (KHTML, like Gecko; compatible; ChatGPT-User/1.0; +https://openai.com/bot)"
75.2.60.5 - - [18/May/2026:13:21:33 +0200] "GET /blog/geo-c-est-quoi/ HTTP/1.1" 200 64140 "-" "Mozilla/5.0 AppleWebKit/537.36 (KHTML, like Gecko; compatible; PerplexityBot/1.0; +https://perplexity.ai/perplexitybot)"
54.36.148.55 - - [18/May/2026:13:28:56 +0200] "GET /services/conseil-ia/ HTTP/1.1" 200 62579 "-" "Mozilla/5.0 AppleWebKit/537.36 (KHTML, like Gecko; compatible; ClaudeBot/1.0; +claudebot@anthropic.com)"
66.249.66.100 - - [18/May/2026:13:37:15 +0200] "GET /cas-clients/aeconomia/ HTTP/1.1" 200 5992 "-" "Mozilla/5.0 AppleWebKit/537.36 (KHTML, like Gecko; compatible; Googlebot/2.1; +http://www.google.com/bot.html)"
54.36.148.30 - - [18/May/2026:14:05:17 +0200] "GET /sitemap.xml HTTP/1.1" 200 12694 "-" "Mozilla/5.0 AppleWebKit/537.36 (KHTML, like Gecko; compatible; ClaudeBot/1.0; +claudebot@anthropic.com)"
66.249.66.101 - - [18/May/2026:15:03:43 +0200] "GET /blog/ HTTP/1.1" 200 13324 "-" "Mozilla/5.0 AppleWebKit/537.36 (KHTML, like Gecko; compatible; Googlebot/2.1; +http://www.google.com/bot.html)"
86.243.10.5 - - [18/May/2026:15:33:49 +0200] "GET /a-propos/ HTTP/1.1" 200 46158 "-" "Mozilla/5.0 (Macintosh; Intel Mac OS X 14_5) AppleWebKit/605.1.15 (KHTML, like Gecko) Version/17.5 Safari/605.1.15"
78.231.5.40 - - [18/May/2026:18:16:09 +0200] "GET /sitemap.xml HTTP/1.1" 200 6782 "-" "Mozilla/5.0 (Macintosh; Intel Mac OS X 14_5) AppleWebKit/605.1.15 (KHTML, like Gecko) Version/17.5 Safari/605.1.15"
20.171.207.120 - - [18/May/2026:20:02:41 +0200] "GET /services/audit-seo/ HTTP/1.1" 200 2702 "-" "Mozilla/5.0 AppleWebKit/537.36 (KHTML, like Gecko; compatible; OAI-SearchBot/1.0; +https://openai.com/searchbot)"
54.36.148.30 - - [18/May/2026:20:09:43 +0200] "GET /services/ HTTP/1.1" 200 43129 "-" "Mozilla/5.0 AppleWebKit/537.36 (KHTML, like Gecko; compatible; ClaudeBot/1.0; +claudebot@anthropic.com)"
20.171.207.50 - - [18/May/2026:20:10:16 +0200] "GET /blog/optimiser-pour-chatgpt/ HTTP/1.1" 301 449 "-" "Mozilla/5.0 AppleWebKit/537.36 (KHTML, like Gecko; compatible; GPTBot/1.2; +https://openai.com/gptbot)"
54.36.148.55 - - [18/May/2026:20:54:56 +0200] "GET / HTTP/1.1" 200 15322 "-" "Mozilla/5.0 AppleWebKit/537.36 (KHTML, like Gecko; compatible; ClaudeBot/1.0; +claudebot@anthropic.com)"
54.36.149.65 - - [18/May/2026:21:13:36 +0200] "GET /cas-clients/ HTTP/1.1" 200 4313 "-" "Mozilla/5.0 AppleWebKit/537.36 (KHTML, like Gecko; compatible; ClaudeBot/1.0; +claudebot@anthropic.com)"
20.171.207.110 - - [18/May/2026:22:06:38 +0200] "GET /services/ HTTP/1.1" 200 45864 "-" "Mozilla/5.0 AppleWebKit/537.36 (KHTML, like Gecko; compatible; OAI-SearchBot/1.0; +https://openai.com/searchbot)"
75.2.60.10 - - [18/May/2026:23:12:57 +0200] "GET /cas-clients/ HTTP/1.1" 200 31021 "-" "Mozilla/5.0 AppleWebKit/537.36 (KHTML, like Gecko; compatible; PerplexityBot/1.0; +https://perplexity.ai/perplexitybot)"
17.241.75.10 - - [19/May/2026:00:05:16 +0200] "GET /contact/ HTTP/1.1" 200 57276 "-" "Mozilla/5.0 (Macintosh; Intel Mac OS X 13_4) AppleWebKit/605.1.15 (KHTML, like Gecko) Version/16.5 Safari/605.1.15 (Applebot-Extended/0.1; +http://www.apple.com/go/applebot)"
54.36.149.65 - - [19/May/2026:00:09:30 +0200] "GET /wp-content/uploads/2026/05/hero.jpg HTTP/1.1" 200 39992 "-" "Mozilla/5.0 AppleWebKit/537.36 (KHTML, like Gecko; compatible; ClaudeBot/1.0; +claudebot@anthropic.com)"
111.225.149.20 - - [19/May/2026:00:27:33 +0200] "GET /blog/ HTTP/1.1" 200 53947 "-" "Mozilla/5.0 (Linux; Android 5.0) AppleWebKit/537.36 (KHTML, like Gecko) Mobile Safari/537.36 (compatible; Bytespider; spider-feedback@bytedance.com)"
54.36.149.99 - - [19/May/2026:00:46:10 +0200] "GET /cas-clients/ HTTP/1.1" 200 7377 "-" "Mozilla/5.0 (Macintosh; Intel Mac OS X 14_5) AppleWebKit/537.36 (KHTML, like Gecko; compatible; Claude-Web/1.0; +https://www.anthropic.com)"
52.230.152.10 - - [19/May/2026:00:57:27 +0200] "GET /wp-admin/admin-ajax.php HTTP/1.1" 200 63765 "-" "Mozilla/5.0 AppleWebKit/537.36 (KHTML, like Gecko; compatible; GPTBot/1.2; +https://openai.com/gptbot)"
20.171.207.10 - - [19/May/2026:01:49:02 +0200] "GET /services/audit-seo/ HTTP/1.1" 200 56250 "-" "Mozilla/5.0 AppleWebKit/537.36 (KHTML, like Gecko; compatible; GPTBot/1.2; +https://openai.com/gptbot)"
92.184.105.110 - - [19/May/2026:01:49:45 +0200] "GET /cas-clients/ HTTP/1.1" 200 25127 "-" "Mozilla/5.0 (Windows NT 10.0; Win64; x64) AppleWebKit/537.36 (KHTML, like Gecko) Chrome/124.0.0.0 Safari/537.36"
20.171.207.10 - - [19/May/2026:02:34:28 +0200] "GET /blog/oai-searchbot-vs-gptbot/ HTTP/1.1" 200 50771 "-" "Mozilla/5.0 AppleWebKit/537.36 (KHTML, like Gecko; compatible; GPTBot/1.2; +https://openai.com/gptbot)"
52.230.152.10 - - [19/May/2026:02:34:51 +0200] "GET /blog/optimiser-pour-chatgpt/ HTTP/1.1" 200 20358 "-" "Mozilla/5.0 AppleWebKit/537.36 (KHTML, like Gecko; compatible; GPTBot/1.2; +https://openai.com/gptbot)"
54.36.148.10 - - [19/May/2026:02:46:07 +0200] "GET /blog/llms-txt-explique/ HTTP/1.1" 200 18904 "-" "Mozilla/5.0 (compatible; anthropic-ai/0.1)"
15.188.10.20 - - [19/May/2026:02:51:07 +0200] "GET / HTTP/1.1" 200 12613 "-" "Mozilla/5.0 (compatible; MistralAI-User/1.0; +https://docs.mistral.ai)"
92.184.105.110 - - [19/May/2026:06:29:44 +0200] "GET /wp-admin/admin-ajax.php HTTP/1.1" 200 11160 "https://chatgpt.com/" "Mozilla/5.0 (iPhone; CPU iPhone OS 17_5 like Mac OS X) AppleWebKit/605.1.15 (KHTML, like Gecko) Version/17.5 Mobile/15E148 Safari/604.1"
66.220.149.20 - - [19/May/2026:08:03:04 +0200] "GET /newsletter/ HTTP/1.1" 200 49677 "-" "Mozilla/5.0 (compatible; Meta-ExternalAgent/1.1; +https://developers.facebook.com/docs/sharing/webmasters/crawler)"
17.241.75.10 - - [19/May/2026:09:02:58 +0200] "GET /services/conseil-ia/ HTTP/1.1" 200 26703 "-" "Mozilla/5.0 (Macintosh; Intel Mac OS X 13_4) AppleWebKit/605.1.15 (KHTML, like Gecko) Version/16.5 Safari/605.1.15 (Applebot-Extended/0.1; +http://www.apple.com/go/applebot)"
66.249.66.101 - - [19/May/2026:09:19:51 +0200] "GET /blog/optimiser-pour-chatgpt/ HTTP/1.1" 200 16373 "-" "Mozilla/5.0 AppleWebKit/537.36 (KHTML, like Gecko; compatible; Googlebot/2.1; +http://www.google.com/bot.html)"
20.171.207.10 - - [19/May/2026:09:43:26 +0200] "GET /feed/ HTTP/1.1" 200 44275 "-" "Mozilla/5.0 AppleWebKit/537.36 (KHTML, like Gecko; compatible; GPTBot/1.2; +https://openai.com/gptbot)"
52.230.152.10 - - [19/May/2026:09:46:56 +0200] "GET /feed/ HTTP/1.1" 200 1552 "-" "Mozilla/5.0 AppleWebKit/537.36 (KHTML, like Gecko; compatible; GPTBot/1.2; +https://openai.com/gptbot)"
78.231.5.40 - - [19/May/2026:09:53:54 +0200] "GET /services/audit-seo/ HTTP/1.1" 200 18358 "-" "Mozilla/5.0 (Macintosh; Intel Mac OS X 14_5) AppleWebKit/605.1.15 (KHTML, like Gecko) Version/17.5 Safari/605.1.15"
66.220.149.20 - - [19/May/2026:10:16:59 +0200] "GET /blog/oai-searchbot-vs-gptbot/ HTTP/1.1" 200 23696 "-" "Mozilla/5.0 (compatible; Meta-ExternalAgent/1.1; +https://developers.facebook.com/docs/sharing/webmasters/crawler)"
75.2.60.10 - - [19/May/2026:10:21:58 +0200] "GET /services/audit-seo/ HTTP/1.1" 200 17640 "-" "Mozilla/5.0 AppleWebKit/537.36 (KHTML, like Gecko; compatible; PerplexityBot/1.0; +https://perplexity.ai/perplexitybot)"
66.249.66.100 - - [19/May/2026:12:06:50 +0200] "GET /wp-admin/admin-ajax.php HTTP/1.1" 200 47890 "-" "Mozilla/5.0 AppleWebKit/537.36 (KHTML, like Gecko; compatible; Googlebot/2.1; +http://www.google.com/bot.html)"
20.171.207.50 - - [19/May/2026:12:38:42 +0200] "GET /wp-admin/admin-ajax.php HTTP/1.1" 200 61962 "-" "Mozilla/5.0 AppleWebKit/537.36 (KHTML, like Gecko; compatible; GPTBot/1.2; +https://openai.com/gptbot)"
20.171.207.110 - - [19/May/2026:12:50:31 +0200] "GET /feed/ HTTP/1.1" 200 59638 "-" "Mozilla/5.0 AppleWebKit/537.36 (KHTML, like Gecko; compatible; OAI-SearchBot/1.0; +https://openai.com/searchbot)"
20.171.207.50 - - [19/May/2026:13:10:56 +0200] "GET /cas-clients/ HTTP/1.1" 200 16725 "-" "Mozilla/5.0 AppleWebKit/537.36 (KHTML, like Gecko; compatible; GPTBot/1.2; +https://openai.com/gptbot)"
20.171.207.50 - - [19/May/2026:13:13:52 +0200] "GET /wp-admin/admin-ajax.php HTTP/1.1" 200 40052 "-" "Mozilla/5.0 AppleWebKit/537.36 (KHTML, like Gecko; compatible; GPTBot/1.2; +https://openai.com/gptbot)"
20.171.207.50 - - [19/May/2026:14:10:38 +0200] "GET /a-propos/ HTTP/1.1" 200 39084 "-" "Mozilla/5.0 AppleWebKit/537.36 (KHTML, like Gecko; compatible; GPTBot/1.2; +https://openai.com/gptbot)"
44.225.94.121 - - [19/May/2026:14:56:25 +0200] "GET /contact/ HTTP/1.1" 200 18880 "-" "Mozilla/5.0 AppleWebKit/537.36 (KHTML, like Gecko; compatible; Perplexity-User/1.0; +https://perplexity.ai/perplexity-user)"
207.46.13.60 - - [19/May/2026:15:16:45 +0200] "GET /a-propos/ HTTP/1.1" 200 22290 "-" "Mozilla/5.0 (compatible; bingbot/2.0; +http://www.bing.com/bingbot.htm)"
54.36.148.10 - - [19/May/2026:17:26:38 +0200] "GET /feed/ HTTP/1.1" 200 61935 "-" "Mozilla/5.0 (compatible; anthropic-ai/0.1)"
